Archive member included to satisfy reference by file (symbol)

/usr/lib/gcc/arm-none-eabi/4.9.3/armv7-m/libgcc.a(unwind-arm.o)
                              build/obj/main.o (__aeabi_unwind_cpp_pr0)
/usr/lib/gcc/arm-none-eabi/4.9.3/armv7-m/libgcc.a(libunwind.o)
                              /usr/lib/gcc/arm-none-eabi/4.9.3/armv7-m/libgcc.a(unwind-arm.o) (restore_core_regs)
/usr/lib/gcc/arm-none-eabi/4.9.3/armv7-m/libgcc.a(pr-support.o)
                              /usr/lib/gcc/arm-none-eabi/4.9.3/armv7-m/libgcc.a(unwind-arm.o) (__gnu_unwind_execute)
/usr/lib/gcc/arm-none-eabi/4.9.3/../../../arm-none-eabi/lib/armv7-m/libc_nano.a(lib_a-abort.o)
                              /usr/lib/gcc/arm-none-eabi/4.9.3/armv7-m/libgcc.a(unwind-arm.o) (abort)
/usr/lib/gcc/arm-none-eabi/4.9.3/../../../arm-none-eabi/lib/armv7-m/libc_nano.a(lib_a-assert.o)
                              build/obj/atmel_adc.o (__assert_func)
/usr/lib/gcc/arm-none-eabi/4.9.3/../../../arm-none-eabi/lib/armv7-m/libc_nano.a(lib_a-fprintf.o)
                              /usr/lib/gcc/arm-none-eabi/4.9.3/../../../arm-none-eabi/lib/armv7-m/libc_nano.a(lib_a-assert.o) (fiprintf)
/usr/lib/gcc/arm-none-eabi/4.9.3/../../../arm-none-eabi/lib/armv7-m/libc_nano.a(lib_a-impure.o)
                              /usr/lib/gcc/arm-none-eabi/4.9.3/../../../arm-none-eabi/lib/armv7-m/libc_nano.a(lib_a-assert.o) (_impure_ptr)
/usr/lib/gcc/arm-none-eabi/4.9.3/../../../arm-none-eabi/lib/armv7-m/libc_nano.a(lib_a-memcpy.o)
                              /usr/lib/gcc/arm-none-eabi/4.9.3/armv7-m/libgcc.a(unwind-arm.o) (memcpy)
/usr/lib/gcc/arm-none-eabi/4.9.3/../../../arm-none-eabi/lib/armv7-m/libc_nano.a(lib_a-memset.o)
                              build/obj/syscalls.o (memset)
/usr/lib/gcc/arm-none-eabi/4.9.3/../../../arm-none-eabi/lib/armv7-m/libc_nano.a(lib_a-nano-vfprintf.o)
                              /usr/lib/gcc/arm-none-eabi/4.9.3/../../../arm-none-eabi/lib/armv7-m/libc_nano.a(lib_a-fprintf.o) (_vfprintf_r)
/usr/lib/gcc/arm-none-eabi/4.9.3/../../../arm-none-eabi/lib/armv7-m/libc_nano.a(lib_a-nano-vfprintf_i.o)
                              /usr/lib/gcc/arm-none-eabi/4.9.3/../../../arm-none-eabi/lib/armv7-m/libc_nano.a(lib_a-nano-vfprintf.o) (_printf_i)
/usr/lib/gcc/arm-none-eabi/4.9.3/../../../arm-none-eabi/lib/armv7-m/libc_nano.a(lib_a-signal.o)
                              /usr/lib/gcc/arm-none-eabi/4.9.3/../../../arm-none-eabi/lib/armv7-m/libc_nano.a(lib_a-abort.o) (raise)
/usr/lib/gcc/arm-none-eabi/4.9.3/../../../arm-none-eabi/lib/armv7-m/libc_nano.a(lib_a-signalr.o)
                              /usr/lib/gcc/arm-none-eabi/4.9.3/../../../arm-none-eabi/lib/armv7-m/libc_nano.a(lib_a-signal.o) (_kill_r)
/usr/lib/gcc/arm-none-eabi/4.9.3/../../../arm-none-eabi/lib/armv7-m/libc_nano.a(lib_a-strstr.o)
                              build/obj/main.o (strstr)
/usr/lib/gcc/arm-none-eabi/4.9.3/../../../arm-none-eabi/lib/armv7-m/libc_nano.a(lib_a-strtok.o)
                              build/obj/main.o (strtok)
/usr/lib/gcc/arm-none-eabi/4.9.3/../../../arm-none-eabi/lib/armv7-m/libc_nano.a(lib_a-strtok_r.o)
                              /usr/lib/gcc/arm-none-eabi/4.9.3/../../../arm-none-eabi/lib/armv7-m/libc_nano.a(lib_a-strtok.o) (__strtok_r)
/usr/lib/gcc/arm-none-eabi/4.9.3/../../../arm-none-eabi/lib/armv7-m/libc_nano.a(lib_a-wbuf.o)
                              /usr/lib/gcc/arm-none-eabi/4.9.3/../../../arm-none-eabi/lib/armv7-m/libc_nano.a(lib_a-nano-vfprintf.o) (__swbuf_r)
/usr/lib/gcc/arm-none-eabi/4.9.3/../../../arm-none-eabi/lib/armv7-m/libc_nano.a(lib_a-wsetup.o)
                              /usr/lib/gcc/arm-none-eabi/4.9.3/../../../arm-none-eabi/lib/armv7-m/libc_nano.a(lib_a-nano-vfprintf.o) (__swsetup_r)
/usr/lib/gcc/arm-none-eabi/4.9.3/../../../arm-none-eabi/lib/armv7-m/libc_nano.a(lib_a-fflush.o)
                              /usr/lib/gcc/arm-none-eabi/4.9.3/../../../arm-none-eabi/lib/armv7-m/libc_nano.a(lib_a-wbuf.o) (_fflush_r)
/usr/lib/gcc/arm-none-eabi/4.9.3/../../../arm-none-eabi/lib/armv7-m/libc_nano.a(lib_a-findfp.o)
                              /usr/lib/gcc/arm-none-eabi/4.9.3/../../../arm-none-eabi/lib/armv7-m/libc_nano.a(lib_a-nano-vfprintf.o) (__sinit)
/usr/lib/gcc/arm-none-eabi/4.9.3/../../../arm-none-eabi/lib/armv7-m/libc_nano.a(lib_a-fvwrite.o)
                              /usr/lib/gcc/arm-none-eabi/4.9.3/../../../arm-none-eabi/lib/armv7-m/libc_nano.a(lib_a-nano-vfprintf.o) (__sfvwrite_r)
/usr/lib/gcc/arm-none-eabi/4.9.3/../../../arm-none-eabi/lib/armv7-m/libc_nano.a(lib_a-fwalk.o)
                              /usr/lib/gcc/arm-none-eabi/4.9.3/../../../arm-none-eabi/lib/armv7-m/libc_nano.a(lib_a-findfp.o) (_fwalk)
/usr/lib/gcc/arm-none-eabi/4.9.3/../../../arm-none-eabi/lib/armv7-m/libc_nano.a(lib_a-makebuf.o)
                              /usr/lib/gcc/arm-none-eabi/4.9.3/../../../arm-none-eabi/lib/armv7-m/libc_nano.a(lib_a-wsetup.o) (__smakebuf_r)
[...]
Memory Configuration

Name             Origin             Length             Attributes
flash            0x0000000000400000 0x0000000000020000
ram              0x0000000020000000 0x0000000000008000
*default*        0x0000000000000000 0xffffffffffffffff

Linker script and memory map

LOAD build/obj/crt0.o
LOAD build/obj/vectors.o
LOAD build/obj/chcore.o
LOAD build/obj/chcore_v7m.o
LOAD build/obj/nvic.o
LOAD build/obj/chsys.o
LOAD build/obj/chlists.o
LOAD build/obj/chvt.o
LOAD build/obj/chschd.o
LOAD build/obj/chthreads.o
LOAD build/obj/chdynamic.o
LOAD build/obj/chregistry.o
LOAD build/obj/chsem.o
LOAD build/obj/chmtx.o
LOAD build/obj/chcond.o
LOAD build/obj/chevents.o
LOAD build/obj/chmsg.o
LOAD build/obj/chmboxes.o
LOAD build/obj/chqueues.o
LOAD build/obj/chmemcore.o
LOAD build/obj/chheap.o
LOAD build/obj/chmempools.o
LOAD build/obj/hal.o
LOAD build/obj/pal.o
LOAD build/obj/serial.o
LOAD build/obj/hal_lld.o
LOAD build/obj/system_SAM3.o
LOAD build/obj/pal_lld.o
LOAD build/obj/serial_lld.o
LOAD build/obj/atmel_adc.o
LOAD build/obj/pio.o
LOAD build/obj/atmel_twi.o
LOAD build/obj/atmel_twid.o
LOAD build/obj/pmc.o
LOAD build/obj/board.o
LOAD build/obj/evtimer.o
LOAD build/obj/syscalls.o
LOAD build/obj/chprintf.o
LOAD build/obj/main.o
LOAD build/obj/i2c.o
LOAD /usr/lib/gcc/arm-none-eabi/4.9.3/../../../arm-none-eabi/lib/armv7-m/libstdc++_nano.a
LOAD /usr/lib/gcc/arm-none-eabi/4.9.3/../../../arm-none-eabi/lib/armv7-m/libm.a
START GROUP
LOAD /usr/lib/gcc/arm-none-eabi/4.9.3/armv7-m/libgcc.a
LOAD /usr/lib/gcc/arm-none-eabi/4.9.3/../../../arm-none-eabi/lib/armv7-m/libc_nano.a
END GROUP
START GROUP
LOAD /usr/lib/gcc/arm-none-eabi/4.9.3/armv7-m/libgcc.a
LOAD /usr/lib/gcc/arm-none-eabi/4.9.3/../../../arm-none-eabi/lib/armv7-m/libc_nano.a
END GROUP
                0x0000000000000400                __main_stack_size__ = 0x400
                0x0000000000000400                __process_stack_size__ = 0x400
                0x0000000000000800                __stacks_total_size__ = (__main_stack_size__ + __process_stack_size__)
                0x0000000020000000                __ram_start__ = ORIGIN (ram)
                0x0000000000008000                __ram_size__ = LENGTH (ram)
                0x0000000020008000                __ram_end__ = (__ram_start__ + __ram_size__)
                0x0000000000000000                . = 0x0
                0x0000000000000000                _text = .

startup         0x0000000000400000       0xd0
 *(vectors)
 vectors        0x0000000000400000       0xd0 build/obj/vectors.o
                0x0000000000400000                _vectors

constructors    0x00000000004000d0        0x0
                0x00000000004000d0                PROVIDE (__init_array_start, .)
 *(SORT(.init_array.*))
 *(.init_array)
                0x00000000004000d0                PROVIDE (__init_array_end, .)

destructors     0x00000000004000d0        0x0
                0x00000000004000d0                PROVIDE (__fini_array_start, .)
 *(.fini_array)
 *(SORT(.fini_array.*))
                0x00000000004000d0                PROVIDE (__fini_array_end, .)

.text           0x00000000004000d0     0x42f0
 *(.text.startup.*)
 .text.startup.main
                0x00000000004000d0       0x60 build/obj/main.o
                0x00000000004000d0                main
 *(.text)
 .text          0x0000000000400130      0xa54 /usr/lib/gcc/arm-none-eabi/4.9.3/armv7-m/libgcc.a(unwind-arm.o)
                0x0000000000400410                _Unwind_GetCFA
                0x0000000000400414                __gnu_Unwind_RaiseException
                0x0000000000400474                __gnu_Unwind_ForcedUnwind
                0x0000000000400488                __gnu_Unwind_Resume
                0x00000000004004cc                __gnu_Unwind_Resume_or_Rethrow
                0x00000000004004e0                _Unwind_Complete
                0x00000000004004e4                _Unwind_DeleteException
                0x00000000004004f0                _Unwind_VRS_Get
                0x0000000000400540                _Unwind_VRS_Set
                0x0000000000400590                __gnu_Unwind_Backtrace
                0x00000000004008d4                __aeabi_unwind_cpp_pr0
                0x00000000004008d8                __aeabi_unwind_cpp_pr1
                0x00000000004008dc                __aeabi_unwind_cpp_pr2
                0x00000000004008e0                _Unwind_VRS_Pop
 *fill*         0x0000000000400b84        0xc 
 .text          0x0000000000400b90      0x1ac /usr/lib/gcc/arm-none-eabi/4.9.3/armv7-m/libgcc.a(libunwind.o)
                0x0000000000400b90                __restore_core_regs
                0x0000000000400b90                restore_core_regs
                0x0000000000400ba8                __gnu_Unwind_Restore_VFP
                0x0000000000400bb0                __gnu_Unwind_Save_VFP
                0x0000000000400bb8                __gnu_Unwind_Restore_VFP_D
                0x0000000000400bc0                __gnu_Unwind_Save_VFP_D
                0x0000000000400bc8                __gnu_Unwind_Restore_VFP_D_16_to_31
                0x0000000000400bd0                __gnu_Unwind_Save_VFP_D_16_to_31
                0x0000000000400bd8                __gnu_Unwind_Restore_WMMXD
                0x0000000000400c1c                __gnu_Unwind_Save_WMMXD
                0x0000000000400c60                __gnu_Unwind_Restore_WMMXC
                0x0000000000400c74                __gnu_Unwind_Save_WMMXC
                0x0000000000400c88                ___Unwind_RaiseException
                0x0000000000400c88                _Unwind_RaiseException
                0x0000000000400cac                ___Unwind_Resume
                0x0000000000400cac                _Unwind_Resume
                0x0000000000400cd0                _Unwind_Resume_or_Rethrow
                0x0000000000400cd0                ___Unwind_Resume_or_Rethrow
                0x0000000000400cf4                ___Unwind_ForcedUnwind
                0x0000000000400cf4                _Unwind_ForcedUnwind
                0x0000000000400d18                _Unwind_Backtrace
                0x0000000000400d18                ___Unwind_Backtrace
 *fill*         0x0000000000400d3c        0x4 
 .text          0x0000000000400d40      0x37c /usr/lib/gcc/arm-none-eabi/4.9.3/armv7-m/libgcc.a(pr-support.o)
                0x0000000000400d98                __gnu_unwind_execute
                0x0000000000401064                __gnu_unwind_frame
                0x000000000040108c                _Unwind_GetRegionStart
                0x0000000000401098                _Unwind_GetLanguageSpecificData
                0x00000000004010ac                _Unwind_GetDataRelBase
                0x00000000004010b4                _Unwind_GetTextRelBase
 *(.text.*)
 *fill*         0x00000000004010bc        0x4 
 .text.__late_init
                0x00000000004010c0        0x4 build/obj/crt0.o
                0x00000000004010c0                __late_init
 *fill*         0x00000000004010c4        0xc 
 .text._default_exit
                0x00000000004010d0        0x4 build/obj/crt0.o
                0x00000000004010d0                _default_exit
 *fill*         0x00000000004010d4        0xc 
 .text.ResetHandler
                0x00000000004010e0      0x108 build/obj/crt0.o
                0x00000000004010e0                ResetHandler
 *fill*         0x00000000004011e8        0x8 
 .text._unhandled_exception
                0x00000000004011f0        0x4 build/obj/vectors.o
                0x00000000004011f0                Vector58
                0x00000000004011f0                Vector9C
                0x00000000004011f0                VectorAC
                0x00000000004011f0                Vector5C
                0x00000000004011f0                NMIVector
                0x00000000004011f0                Vector8C
                0x00000000004011f0                VectorC8
                0x00000000004011f0                Vector94
                0x00000000004011f0                VectorA8
                0x00000000004011f0                VectorB4
                0x00000000004011f0                Vector74
                0x00000000004011f0                UsageFaultVector
                0x00000000004011f0                DebugMonitorVector
                0x00000000004011f0                Vector40
                0x00000000004011f0                VectorBC
                0x00000000004011f0                PendSVVector
                0x00000000004011f0                VectorCC
                0x00000000004011f0                Vector54
                0x00000000004011f0                Vector98
                0x00000000004011f0                Vector24
                0x00000000004011f0                Vector84
                0x00000000004011f0                BusFaultVector
                0x00000000004011f0                VectorC0
                0x00000000004011f0                HardFaultVector
                0x00000000004011f0                MemManageVector
                0x00000000004011f0                Vector6C
                0x00000000004011f0                VectorA0
                0x00000000004011f0                VectorC4
                0x00000000004011f0                Vector7C
                0x00000000004011f0                VectorB0
                0x00000000004011f0                Vector90
                0x00000000004011f0                Vector1C
                0x00000000004011f0                Vector48
                0x00000000004011f0                Vector70
                0x00000000004011f0                Vector4C
                0x00000000004011f0                Vector80
                0x00000000004011f0                Vector68
                0x00000000004011f0                Vector78
                0x00000000004011f0                _unhandled_exception
                0x00000000004011f0                Vector88
                0x00000000004011f0                Vector50
                0x00000000004011f0                Vector44
                0x00000000004011f0                Vector28
                0x00000000004011f0                VectorB8
                0x00000000004011f0                Vector34
                0x00000000004011f0                VectorA4
                0x00000000004011f0                Vector20
 *fill*         0x00000000004011f4        0xc 
 .text._port_switch_from_isr
                0x0000000000401200        0x8 build/obj/chcore_v7m.o
                0x0000000000401200                _port_switch_from_isr
 *fill*         0x0000000000401208        0x8 
 .text.SVCallVector
                0x0000000000401210       0x14 build/obj/chcore_v7m.o
                0x0000000000401210                SVCallVector
 *fill*         0x0000000000401224        0xc 
 .text._port_init
                0x0000000000401230       0x34 build/obj/chcore_v7m.o
                0x0000000000401230                _port_init
 *fill*         0x0000000000401264        0xc 
 .text._port_irq_epilogue
                0x0000000000401270       0x74 build/obj/chcore_v7m.o
                0x0000000000401270                _port_irq_epilogue
 *fill*         0x00000000004012e4        0xc 
 .text.SysTickVector
                0x00000000004012f0       0x1c build/obj/chcore_v7m.o
                0x00000000004012f0                SysTickVector
 *fill*         0x000000000040130c        0x4 
 .text._port_switch
                0x0000000000401310       0x10 build/obj/chcore_v7m.o
                0x0000000000401310                _port_switch
 .text._port_thread_start
                0x0000000000401320       0x10 build/obj/chcore_v7m.o
                0x0000000000401320                _port_thread_start
 .text.nvicEnableVector
                0x0000000000401330       0x48 build/obj/nvic.o
                0x0000000000401330                nvicEnableVector
 *fill*         0x0000000000401378        0x8 
 .text.nvicSetSystemHandlerPriority
                0x0000000000401380       0x2c build/obj/nvic.o
                0x0000000000401380                nvicSetSystemHandlerPriority
 *fill*         0x00000000004013ac        0x4 
 .text._idle_thread
                0x00000000004013b0       0x14 build/obj/chsys.o
                0x00000000004013b0                _idle_thread
 *fill*         0x00000000004013c4        0xc 
 .text.chSysInit
                0x00000000004013d0       0x5c build/obj/chsys.o
                0x00000000004013d0                chSysInit
 *fill*         0x000000000040142c        0x4 
 .text.chSysTimerHandlerI
                0x0000000000401430       0x50 build/obj/chsys.o
                0x0000000000401430                chSysTimerHandlerI
 .text._vt_init
                0x0000000000401480       0x18 build/obj/chvt.o
                0x0000000000401480                _vt_init
 *fill*         0x0000000000401498        0x8 
 .text.chVTSetI
                0x00000000004014a0       0x3c build/obj/chvt.o
                0x00000000004014a0                chVTSetI
 *fill*         0x00000000004014dc        0x4 
 .text.chVTResetI
                0x00000000004014e0       0x24 build/obj/chvt.o
                0x00000000004014e0                chVTResetI
 *fill*         0x0000000000401504        0xc 
 .text.wakeup   0x0000000000401510       0x58 build/obj/chschd.o
 *fill*         0x0000000000401568        0x8 
 .text._scheduler_init
                0x0000000000401570       0x18 build/obj/chschd.o
                0x0000000000401570                _scheduler_init
 *fill*         0x0000000000401588        0x8 
 .text.chSchReadyI
                0x0000000000401590       0x2c build/obj/chschd.o
                0x0000000000401590                chSchReadyI
 *fill*         0x00000000004015bc        0x4 
 .text.chSchGoSleepS
                0x00000000004015c0       0x28 build/obj/chschd.o
                0x00000000004015c0                chSchGoSleepS
 *fill*         0x00000000004015e8        0x8 
 .text.chSchGoSleepTimeoutS
                0x00000000004015f0       0x44 build/obj/chschd.o
                0x00000000004015f0                chSchGoSleepTimeoutS
 *fill*         0x0000000000401634        0xc 
 .text.chSchWakeupS
                0x0000000000401640       0x5c build/obj/chschd.o
                0x0000000000401640                chSchWakeupS
 *fill*         0x000000000040169c        0x4 
 .text.chSchDoReschedule
                0x00000000004016a0       0x48 build/obj/chschd.o
                0x00000000004016a0                chSchDoReschedule
 *fill*         0x00000000004016e8        0x8 
 .text._thread_init
                0x00000000004016f0       0x44 build/obj/chthreads.o
                0x00000000004016f0                _thread_init
 *fill*         0x0000000000401734        0xc 
 .text.chThdCreateStatic
                0x0000000000401740       0x80 build/obj/chthreads.o
                0x0000000000401740                chThdCreateStatic
 .text.chThdSleep
                0x00000000004017c0       0x18 build/obj/chthreads.o
                0x00000000004017c0                chThdSleep
 *fill*         0x00000000004017d8        0x8 
 .text.chThdExitS
                0x00000000004017e0       0x40 build/obj/chthreads.o
                0x00000000004017e0                chThdExitS
 .text.chThdExit
                0x0000000000401820        0xc build/obj/chthreads.o
                0x0000000000401820                chThdExit
 *fill*         0x000000000040182c        0x4 
 .text.chMtxInit
                0x0000000000401830        0xc build/obj/chmtx.o
                0x0000000000401830                chMtxInit
 *fill*         0x000000000040183c        0x4 
 .text.chEvtSignalFlagsI
                0x0000000000401840       0x30 build/obj/chevents.o
                0x0000000000401840                chEvtSignalFlagsI
 .text.chEvtBroadcastFlagsI
                0x0000000000401870       0x20 build/obj/chevents.o
                0x0000000000401870                chEvtBroadcastFlagsI
 .text.qwait    0x0000000000401890       0x2c build/obj/chqueues.o
 *fill*         0x00000000004018bc        0x4 
 .text.chIQInit
                0x00000000004018c0       0x1c build/obj/chqueues.o
                0x00000000004018c0                chIQInit
 *fill*         0x00000000004018dc        0x4 
 .text.chIQPutI
                0x00000000004018e0       0x4c build/obj/chqueues.o
                0x00000000004018e0                chIQPutI
 *fill*         0x000000000040192c        0x4 
 .text.chIQGetTimeout
                0x0000000000401930       0x50 build/obj/chqueues.o
                0x0000000000401930                chIQGetTimeout
 .text.chIQReadTimeout
                0x0000000000401980       0x70 build/obj/chqueues.o
                0x0000000000401980                chIQReadTimeout
 .text.chOQInit
                0x00000000004019f0       0x1c build/obj/chqueues.o
                0x00000000004019f0                chOQInit
 *fill*         0x0000000000401a0c        0x4 
 .text.chOQPutTimeout
                0x0000000000401a10       0x54 build/obj/chqueues.o
                0x0000000000401a10                chOQPutTimeout
 *fill*         0x0000000000401a64        0xc 
 .text.chOQGetI
                0x0000000000401a70       0x48 build/obj/chqueues.o
                0x0000000000401a70                chOQGetI
 *fill*         0x0000000000401ab8        0x8 
 .text.chOQWriteTimeout
                0x0000000000401ac0       0x80 build/obj/chqueues.o
                0x0000000000401ac0                chOQWriteTimeout
 .text._core_init
                0x0000000000401b40       0x28 build/obj/chmemcore.o
                0x0000000000401b40                _core_init
 *fill*         0x0000000000401b68        0x8 
 .text.chCoreAlloc
                0x0000000000401b70       0x38 build/obj/chmemcore.o
                0x0000000000401b70                chCoreAlloc
 *fill*         0x0000000000401ba8        0x8 
 .text._heap_init
                0x0000000000401bb0       0x1c build/obj/chheap.o
                0x0000000000401bb0                _heap_init
 *fill*         0x0000000000401bcc        0x4 
 .text.halInit  0x0000000000401bd0       0x1c build/obj/hal.o
                0x0000000000401bd0                halInit
 *fill*         0x0000000000401bec        0x4 
 .text.putwouldblock
                0x0000000000401bf0        0xc build/obj/serial.o
 *fill*         0x0000000000401bfc        0x4 
 .text.getwouldblock
                0x0000000000401c00        0xc build/obj/serial.o
 *fill*         0x0000000000401c0c        0x4 
 .text.getflags
                0x0000000000401c10       0x18 build/obj/serial.o
 *fill*         0x0000000000401c28        0x8 
 .text.readt    0x0000000000401c30        0x8 build/obj/serial.o
 *fill*         0x0000000000401c38        0x8 
 .text.reads    0x0000000000401c40        0xc build/obj/serial.o
 *fill*         0x0000000000401c4c        0x4 
 .text.writet   0x0000000000401c50        0x8 build/obj/serial.o
 *fill*         0x0000000000401c58        0x8 
 .text.writes   0x0000000000401c60        0xc build/obj/serial.o
 *fill*         0x0000000000401c6c        0x4 
 .text.gett     0x0000000000401c70        0x8 build/obj/serial.o
 *fill*         0x0000000000401c78        0x8 
 .text.putt     0x0000000000401c80        0x8 build/obj/serial.o
 *fill*         0x0000000000401c88        0x8 
 .text.sdInit   0x0000000000401c90        0x4 build/obj/serial.o
                0x0000000000401c90                sdInit
 *fill*         0x0000000000401c94        0xc 
 .text.sdObjectInit
                0x0000000000401ca0       0x40 build/obj/serial.o
                0x0000000000401ca0                sdObjectInit
 .text.sdStart  0x0000000000401ce0       0x1c build/obj/serial.o
                0x0000000000401ce0                sdStart
 *fill*         0x0000000000401cfc        0x4 
 .text.sdIncomingDataI
                0x0000000000401d00       0x4c build/obj/serial.o
                0x0000000000401d00                sdIncomingDataI
 *fill*         0x0000000000401d4c        0x4 
 .text.hal_lld_init
                0x0000000000401d50       0x38 build/obj/hal_lld.o
                0x0000000000401d50                hal_lld_init
 *fill*         0x0000000000401d88        0x8 
 .text.at91sam3_clock_init
                0x0000000000401d90        0x4 build/obj/hal_lld.o
                0x0000000000401d90                at91sam3_clock_init
 *fill*         0x0000000000401d94        0xc 
 .text.SystemCoreClockUpdate
                0x0000000000401da0       0xf4 build/obj/system_SAM3.o
                0x0000000000401da0                SystemCoreClockUpdate
 *fill*         0x0000000000401e94        0xc 
 .text.SystemInit
                0x0000000000401ea0       0x94 build/obj/system_SAM3.o
                0x0000000000401ea0                SystemInit
 *fill*         0x0000000000401f34        0xc 
 .text._pal_lld_init
                0x0000000000401f40       0xb8 build/obj/pal_lld.o
                0x0000000000401f40                _pal_lld_init
 *fill*         0x0000000000401ff8        0x8 
 .text._pal_lld_setgroupmode
                0x0000000000402000       0x34 build/obj/pal_lld.o
                0x0000000000402000                _pal_lld_setgroupmode
 *fill*         0x0000000000402034        0xc 
 .text.notify1  0x0000000000402040        0xc build/obj/serial_lld.o
 *fill*         0x000000000040204c        0x4 
 .text.notify2  0x0000000000402050        0xc build/obj/serial_lld.o
 *fill*         0x000000000040205c        0x4 
 .text.serve_interrupt
                0x0000000000402060       0xa4 build/obj/serial_lld.o
 *fill*         0x0000000000402104        0xc 
 .text.Vector60
                0x0000000000402110       0x14 build/obj/serial_lld.o
                0x0000000000402110                Vector60
 *fill*         0x0000000000402124        0xc 
 .text.Vector64
                0x0000000000402130       0x14 build/obj/serial_lld.o
                0x0000000000402130                Vector64
 *fill*         0x0000000000402144        0xc 
 .text.sd_lld_init
                0x0000000000402150       0x58 build/obj/serial_lld.o
                0x0000000000402150                sd_lld_init
 *fill*         0x00000000004021a8        0x8 
 .text.sd_lld_start
                0x00000000004021b0       0xa4 build/obj/serial_lld.o
                0x00000000004021b0                sd_lld_start
 *fill*         0x0000000000402254        0xc 
 .text.PIO_Configure
                0x0000000000402260      0x154 build/obj/pio.o
                0x0000000000402260                PIO_Configure
 *fill*         0x00000000004023b4        0xc 
 .text.unlikely.TWI_WriteByte.part.0
                0x00000000004023c0       0x1c build/obj/atmel_twi.o
 *fill*         0x00000000004023dc        0x4 
 .text.TWI_ConfigureMaster
                0x00000000004023e0       0x74 build/obj/atmel_twi.o
                0x00000000004023e0                TWI_ConfigureMaster
 *fill*         0x0000000000402454        0xc 
 .text.TWI_Stop
                0x0000000000402460       0x24 build/obj/atmel_twi.o
                0x0000000000402460                TWI_Stop
 *fill*         0x0000000000402484        0xc 
 .text.TWI_StartRead
                0x0000000000402490       0x74 build/obj/atmel_twi.o
                0x0000000000402490                TWI_StartRead
 *fill*         0x0000000000402504        0xc 
 .text.TWI_ReadByte
                0x0000000000402510       0x24 build/obj/atmel_twi.o
                0x0000000000402510                TWI_ReadByte
 *fill*         0x0000000000402534        0xc 
 .text.TWI_WriteByte
                0x0000000000402540        0xc build/obj/atmel_twi.o
                0x0000000000402540                TWI_WriteByte
 *fill*         0x000000000040254c        0x4 
 .text.TWI_StartWrite
                0x0000000000402550       0x78 build/obj/atmel_twi.o
                0x0000000000402550                TWI_StartWrite
 *fill*         0x00000000004025c8        0x8 
 .text.TWI_ByteReceived
                0x00000000004025d0        0x8 build/obj/atmel_twi.o
                0x00000000004025d0                TWI_ByteReceived
 *fill*         0x00000000004025d8        0x8 
 .text.TWI_ByteSent
                0x00000000004025e0        0x8 build/obj/atmel_twi.o
                0x00000000004025e0                TWI_ByteSent
 *fill*         0x00000000004025e8        0x8 
 .text.TWI_TransferComplete
                0x00000000004025f0        0x8 build/obj/atmel_twi.o
                0x00000000004025f0                TWI_TransferComplete
 *fill*         0x00000000004025f8        0x8 
 .text.TWI_EnableIt
                0x0000000000402600       0x40 build/obj/atmel_twi.o
                0x0000000000402600                TWI_EnableIt
 .text.TWI_SendSTOPCondition
                0x0000000000402640       0x28 build/obj/atmel_twi.o
                0x0000000000402640                TWI_SendSTOPCondition
 *fill*         0x0000000000402668        0x8 
 .text.TWID_Initialize
                0x0000000000402670        0x8 build/obj/atmel_twid.o
                0x0000000000402670                TWID_Initialize
 *fill*         0x0000000000402678        0x8 
 .text.TWID_Read
                0x0000000000402680      0x10c build/obj/atmel_twid.o
                0x0000000000402680                TWID_Read
 *fill*         0x000000000040278c        0x4 
 .text.TWID_Write
                0x0000000000402790       0xe8 build/obj/atmel_twid.o
                0x0000000000402790                TWID_Write
 *fill*         0x0000000000402878        0x8 
 .text.PMC_EnablePeripheral
                0x0000000000402880       0x50 build/obj/pmc.o
                0x0000000000402880                PMC_EnablePeripheral
 .text.__early_init
                0x00000000004028d0       0x10 build/obj/board.o
                0x00000000004028d0                __early_init
 .text.boardInit
                0x00000000004028e0       0x20 build/obj/board.o
                0x00000000004028e0                boardInit
 .text._read_r  0x0000000000402900        0xc build/obj/syscalls.o
                0x0000000000402900                _read_r
 *fill*         0x000000000040290c        0x4 
 .text._lseek_r
                0x0000000000402910        0x4 build/obj/syscalls.o
                0x0000000000402910                _lseek_r
 *fill*         0x0000000000402914        0xc 
 .text._write_r
                0x0000000000402920        0x4 build/obj/syscalls.o
                0x0000000000402920                _write_r
 *fill*         0x0000000000402924        0xc 
 .text._close_r
                0x0000000000402930        0x4 build/obj/syscalls.o
                0x0000000000402930                _close_r
 *fill*         0x0000000000402934        0xc 
 .text._sbrk_r  0x0000000000402940       0x18 build/obj/syscalls.o
                0x0000000000402940                _sbrk_r
 *fill*         0x0000000000402958        0x8 
 .text._fstat_r
                0x0000000000402960       0x18 build/obj/syscalls.o
                0x0000000000402960                _fstat_r
 *fill*         0x0000000000402978        0x8 
 .text._isatty_r
                0x0000000000402980        0x4 build/obj/syscalls.o
                0x0000000000402980                _isatty_r
 *fill*         0x0000000000402984        0xc 
 .text._getpid  0x0000000000402990        0x4 build/obj/syscalls.o
                0x0000000000402990                _getpid
 *fill*         0x0000000000402994        0xc 
 .text._exit    0x00000000004029a0        0x4 build/obj/syscalls.o
                0x00000000004029a0                _exit
 *fill*         0x00000000004029a4        0xc 
 .text._kill    0x00000000004029b0        0x8 build/obj/syscalls.o
                0x00000000004029b0                _kill
 *fill*         0x00000000004029b8        0x8 
 .text.ltoa     0x00000000004029c0       0x40 build/obj/chprintf.o
 .text.chprintf
                0x0000000000402a00      0x378 build/obj/chprintf.o
                0x0000000000402a00                chprintf
 *fill*         0x0000000000402d78        0x8 
 .text._ZL7Thread1Pv
                0x0000000000402d80       0x24 build/obj/main.o
 *fill*         0x0000000000402da4        0xc 
 .text._Z7I2CInitv
                0x0000000000402db0       0x60 build/obj/main.o
                0x0000000000402db0                I2CInit()
 .text._Z13I2CWriteByteshhh
                0x0000000000402e10       0x34 build/obj/main.o
                0x0000000000402e10                I2CWriteBytes(unsigned char, unsigned char, unsigned char)
 *fill*         0x0000000000402e44        0xc 
 .text._Z12I2CReadByteshhPhh
                0x0000000000402e50       0x38 build/obj/main.o
                0x0000000000402e50                I2CReadBytes(unsigned char, unsigned char, unsigned char*, unsigned char)
 *fill*         0x0000000000402e88        0x8 
 .text._ZL9GPSThreadPv
                0x0000000000402e90      0x18c build/obj/main.o
 *fill*         0x000000000040301c        0x4 
 .text.abort    0x0000000000403020        0xe /usr/lib/gcc/arm-none-eabi/4.9.3/../../../arm-none-eabi/lib/armv7-m/libc_nano.a(lib_a-abort.o)
                0x0000000000403020                abort
 *fill*         0x000000000040302e        0x2 
 .text.__assert_func
                0x0000000000403030       0x38 /usr/lib/gcc/arm-none-eabi/4.9.3/../../../arm-none-eabi/lib/armv7-m/libc_nano.a(lib_a-assert.o)
                0x0000000000403030                __assert_func
 *fill*         0x0000000000403068        0x8 
 .text.fprintf  0x0000000000403070       0x24 /usr/lib/gcc/arm-none-eabi/4.9.3/../../../arm-none-eabi/lib/armv7-m/libc_nano.a(lib_a-fprintf.o)
                0x0000000000403070                fprintf
                0x0000000000403070                fiprintf
 *fill*         0x0000000000403094        0xc 
 .text.memcpy   0x00000000004030a0       0x16 /usr/lib/gcc/arm-none-eabi/4.9.3/../../../arm-none-eabi/lib/armv7-m/libc_nano.a(lib_a-memcpy.o)
                0x00000000004030a0                memcpy
 *fill*         0x00000000004030b6        0xa 
 .text.memset   0x00000000004030c0       0x10 /usr/lib/gcc/arm-none-eabi/4.9.3/../../../arm-none-eabi/lib/armv7-m/libc_nano.a(lib_a-memset.o)
                0x00000000004030c0                memset
 .text.__sfputc_r
                0x00000000004030d0       0x2c /usr/lib/gcc/arm-none-eabi/4.9.3/../../../arm-none-eabi/lib/armv7-m/libc_nano.a(lib_a-nano-vfprintf.o)
 *fill*         0x00000000004030fc        0x4 
 .text.__sfputs_r
                0x0000000000403100       0x24 /usr/lib/gcc/arm-none-eabi/4.9.3/../../../arm-none-eabi/lib/armv7-m/libc_nano.a(lib_a-nano-vfprintf.o)
                0x0000000000403100                __sfputs_r
 *fill*         0x0000000000403124        0xc 
 .text._vfprintf_r
                0x0000000000403130      0x210 /usr/lib/gcc/arm-none-eabi/4.9.3/../../../arm-none-eabi/lib/armv7-m/libc_nano.a(lib_a-nano-vfprintf.o)
                0x0000000000403130                _vfiprintf_r
                0x0000000000403130                _vfprintf_r
 .text._printf_common
                0x0000000000403340       0xea /usr/lib/gcc/arm-none-eabi/4.9.3/../../../arm-none-eabi/lib/armv7-m/libc_nano.a(lib_a-nano-vfprintf_i.o)
                0x0000000000403340                _printf_common
 *fill*         0x000000000040342a        0x6 
 .text._printf_i
                0x0000000000403430      0x240 /usr/lib/gcc/arm-none-eabi/4.9.3/../../../arm-none-eabi/lib/armv7-m/libc_nano.a(lib_a-nano-vfprintf_i.o)
                0x0000000000403430                _printf_i
 .text._raise_r
                0x0000000000403670       0x50 /usr/lib/gcc/arm-none-eabi/4.9.3/../../../arm-none-eabi/lib/armv7-m/libc_nano.a(lib_a-signal.o)
                0x0000000000403670                _raise_r
 .text.raise    0x00000000004036c0       0x10 /usr/lib/gcc/arm-none-eabi/4.9.3/../../../arm-none-eabi/lib/armv7-m/libc_nano.a(lib_a-signal.o)
                0x00000000004036c0                raise
 .text._kill_r  0x00000000004036d0       0x24 /usr/lib/gcc/arm-none-eabi/4.9.3/../../../arm-none-eabi/lib/armv7-m/libc_nano.a(lib_a-signalr.o)
                0x00000000004036d0                _kill_r
 *fill*         0x00000000004036f4        0xc 
 .text._getpid_r
                0x0000000000403700        0x4 /usr/lib/gcc/arm-none-eabi/4.9.3/../../../arm-none-eabi/lib/armv7-m/libc_nano.a(lib_a-signalr.o)
                0x0000000000403700                _getpid_r
 *fill*         0x0000000000403704        0xc 
 .text.strstr   0x0000000000403710       0x30 /usr/lib/gcc/arm-none-eabi/4.9.3/../../../arm-none-eabi/lib/armv7-m/libc_nano.a(lib_a-strstr.o)
                0x0000000000403710                strstr
 .text.strtok   0x0000000000403740       0x64 /usr/lib/gcc/arm-none-eabi/4.9.3/../../../arm-none-eabi/lib/armv7-m/libc_nano.a(lib_a-strtok.o)
                0x0000000000403740                strtok
 *fill*         0x00000000004037a4        0xc 
 .text.__strtok_r
                0x00000000004037b0       0x56 /usr/lib/gcc/arm-none-eabi/4.9.3/../../../arm-none-eabi/lib/armv7-m/libc_nano.a(lib_a-strtok_r.o)
                0x00000000004037b0                __strtok_r
 *fill*         0x0000000000403806        0xa 
 .text.__swbuf_r
                0x0000000000403810       0xa8 /usr/lib/gcc/arm-none-eabi/4.9.3/../../../arm-none-eabi/lib/armv7-m/libc_nano.a(lib_a-wbuf.o)
                0x0000000000403810                __swbuf_r
 *fill*         0x00000000004038b8        0x8 
 .text.__swsetup_r
                0x00000000004038c0       0xd8 /usr/lib/gcc/arm-none-eabi/4.9.3/../../../arm-none-eabi/lib/armv7-m/libc_nano.a(lib_a-wsetup.o)
                0x00000000004038c0                __swsetup_r
 *fill*         0x0000000000403998        0x8 
 .text.__sflush_r
                0x00000000004039a0      0x106 /usr/lib/gcc/arm-none-eabi/4.9.3/../../../arm-none-eabi/lib/armv7-m/libc_nano.a(lib_a-fflush.o)
                0x00000000004039a0                __sflush_r
 *fill*         0x0000000000403aa6        0xa 
 .text._fflush_r
                0x0000000000403ab0       0x54 /usr/lib/gcc/arm-none-eabi/4.9.3/../../../arm-none-eabi/lib/armv7-m/libc_nano.a(lib_a-fflush.o)
                0x0000000000403ab0                _fflush_r
 *fill*         0x0000000000403b04        0xc 
 .text._cleanup_r
                0x0000000000403b10        0xc /usr/lib/gcc/arm-none-eabi/4.9.3/../../../arm-none-eabi/lib/armv7-m/libc_nano.a(lib_a-findfp.o)
                0x0000000000403b10                _cleanup_r
 *fill*         0x0000000000403b1c        0x4 
 .text.std.isra.0
                0x0000000000403b20       0x48 /usr/lib/gcc/arm-none-eabi/4.9.3/../../../arm-none-eabi/lib/armv7-m/libc_nano.a(lib_a-findfp.o)
 *fill*         0x0000000000403b68        0x8 
 .text.__sfmoreglue
                0x0000000000403b70       0x2c /usr/lib/gcc/arm-none-eabi/4.9.3/../../../arm-none-eabi/lib/armv7-m/libc_nano.a(lib_a-findfp.o)
                0x0000000000403b70                __sfmoreglue
 *fill*         0x0000000000403b9c        0x4 
 .text.__sinit  0x0000000000403ba0       0x60 /usr/lib/gcc/arm-none-eabi/4.9.3/../../../arm-none-eabi/lib/armv7-m/libc_nano.a(lib_a-findfp.o)
                0x0000000000403ba0                __sinit
 .text.__sfp    0x0000000000403c00       0x74 /usr/lib/gcc/arm-none-eabi/4.9.3/../../../arm-none-eabi/lib/armv7-m/libc_nano.a(lib_a-findfp.o)
                0x0000000000403c00                __sfp
 *fill*         0x0000000000403c74        0xc 
 .text._fwalk_reent
                0x0000000000403c80       0x3c /usr/lib/gcc/arm-none-eabi/4.9.3/../../../arm-none-eabi/lib/armv7-m/libc_nano.a(lib_a-fwalk.o)
                0x0000000000403c80                _fwalk_reent
 *fill*         0x0000000000403cbc        0x4 
 .text.__smakebuf_r
                0x0000000000403cc0       0x98 /usr/lib/gcc/arm-none-eabi/4.9.3/../../../arm-none-eabi/lib/armv7-m/libc_nano.a(lib_a-makebuf.o)
                0x0000000000403cc0                __smakebuf_r
 *fill*         0x0000000000403d58        0x8 
 .text.malloc   0x0000000000403d60       0x10 /usr/lib/gcc/arm-none-eabi/4.9.3/../../../arm-none-eabi/lib/armv7-m/libc_nano.a(lib_a-malloc.o)
                0x0000000000403d60                malloc
 .text.memchr   0x0000000000403d70       0x1c /usr/lib/gcc/arm-none-eabi/4.9.3/../../../arm-none-eabi/lib/armv7-m/libc_nano.a(lib_a-memchr.o)
                0x0000000000403d70                memchr
 *fill*         0x0000000000403d8c        0x4 
 .text._free_r  0x0000000000403d90       0x88 /usr/lib/gcc/arm-none-eabi/4.9.3/../../../arm-none-eabi/lib/armv7-m/libc_nano.a(lib_a-nano-freer.o)
                0x0000000000403d90                _free_r
 *fill*         0x0000000000403e18        0x8 
 .text._malloc_r
                0x0000000000403e20       0xac /usr/lib/gcc/arm-none-eabi/4.9.3/../../../arm-none-eabi/lib/armv7-m/libc_nano.a(lib_a-nano-mallocr.o)
                0x0000000000403e20                _malloc_r
 *fill*         0x0000000000403ecc        0x4 
 .text.__sread  0x0000000000403ed0       0x22 /usr/lib/gcc/arm-none-eabi/4.9.3/../../../arm-none-eabi/lib/armv7-m/libc_nano.a(lib_a-stdio.o)
                0x0000000000403ed0                __sread
 *fill*         0x0000000000403ef2        0xe 
 .text.__swrite
                0x0000000000403f00       0x38 /usr/lib/gcc/arm-none-eabi/4.9.3/../../../arm-none-eabi/lib/armv7-m/libc_nano.a(lib_a-stdio.o)
                0x0000000000403f00                __swrite
 *fill*         0x0000000000403f38        0x8 
 .text.__sseek  0x0000000000403f40       0x24 /usr/lib/gcc/arm-none-eabi/4.9.3/../../../arm-none-eabi/lib/armv7-m/libc_nano.a(lib_a-stdio.o)
                0x0000000000403f40                __sseek
 *fill*         0x0000000000403f64        0xc 
 .text.__sclose
                0x0000000000403f70        0x8 /usr/lib/gcc/arm-none-eabi/4.9.3/../../../arm-none-eabi/lib/armv7-m/libc_nano.a(lib_a-stdio.o)
                0x0000000000403f70                __sclose
 *(.rodata)
 *(.rodata.*)
 *fill*         0x0000000000403f78        0x8 
 .rodata.str1.4
                0x0000000000403f80        0xd build/obj/chsys.o
 *fill*         0x0000000000403f8d        0x3 
 .rodata.vmt    0x0000000000403f90       0x24 build/obj/serial.o
 *fill*         0x0000000000403fb4        0xc 
 .rodata.default_config
                0x0000000000403fc0        0x8 build/obj/serial_lld.o
 *fill*         0x0000000000403fc8        0x8 
 .rodata.__func__.4883
                0x0000000000403fd0        0xf build/obj/atmel_twi.o
 *fill*         0x0000000000403fdf        0x1 
 .rodata.__func__.4915
                0x0000000000403fe0       0x16 build/obj/atmel_twi.o
 *fill*         0x0000000000403ff6        0xa 
 .rodata.__func__.4840
                0x0000000000404000       0x14 build/obj/atmel_twi.o
 *fill*         0x0000000000404014        0xc 
 .rodata.__func__.4897
                0x0000000000404020        0xd build/obj/atmel_twi.o
 *fill*         0x000000000040402d        0x3 
 .rodata.str1.4
                0x0000000000404030       0xe0 build/obj/atmel_twi.o
 .rodata.__func__.4859
                0x0000000000404110        0x9 build/obj/atmel_twi.o
 *fill*         0x0000000000404119        0x7 
 .rodata.__func__.4870
                0x0000000000404120        0xd build/obj/atmel_twi.o
 *fill*         0x000000000040412d        0x3 
 .rodata.__func__.4866
                0x0000000000404130        0xe build/obj/atmel_twi.o
 *fill*         0x000000000040413e        0x2 
 .rodata.__func__.4875
                0x0000000000404140        0xe build/obj/atmel_twi.o
 *fill*         0x000000000040414e        0x2 
 .rodata.__func__.4895
                0x0000000000404150        0xa build/obj/atmel_twid.o
 *fill*         0x000000000040415a        0x6 
 .rodata.str1.4
                0x0000000000404160       0x30 build/obj/atmel_twid.o
                                         0x72 (size before relaxing)
 .rodata.__func__.4917
                0x0000000000404190        0xb build/obj/atmel_twid.o
 *fill*         0x000000000040419b        0x5 
 .rodata.__func__.4792
                0x00000000004041a0       0x15 build/obj/pmc.o
 *fill*         0x00000000004041b5        0xb 
 .rodata.str1.4
                0x00000000004041c0       0x36 build/obj/pmc.o
 *fill*         0x00000000004041f6        0xa 
 .rodata.pal_default_config
                0x0000000000404200       0x24 build/obj/board.o
                0x0000000000404200                pal_default_config
 *fill*         0x0000000000404224        0xc 
 .rodata.str1.4
                0x0000000000404230        0x7 build/obj/chprintf.o
 *fill*         0x0000000000404237        0x9 
 .rodata._ZL4pins
                0x0000000000404240       0x18 build/obj/main.o
 *fill*         0x0000000000404258        0x8 
 .rodata.str1.4
                0x0000000000404260       0x4c build/obj/main.o
                                         0x4b (size before relaxing)
 *fill*         0x00000000004042ac        0x4 
 .rodata.str1.1
                0x00000000004042b0       0x3c /usr/lib/gcc/arm-none-eabi/4.9.3/../../../arm-none-eabi/lib/armv7-m/libc_nano.a(lib_a-assert.o)
                                         0x3d (size before relaxing)
 *fill*         0x00000000004042ec        0x4 
 .rodata.str1.1
                0x00000000004042f0        0x2 /usr/lib/gcc/arm-none-eabi/4.9.3/../../../arm-none-eabi/lib/armv7-m/libc_nano.a(lib_a-impure.o)
 *fill*         0x00000000004042f2        0xe 
 .rodata._global_impure_ptr
                0x0000000000404300        0x4 /usr/lib/gcc/arm-none-eabi/4.9.3/../../../arm-none-eabi/lib/armv7-m/libc_nano.a(lib_a-impure.o)
                0x0000000000404300                _global_impure_ptr
 *fill*         0x0000000000404304        0xc 
 .rodata.str1.1
                0x0000000000404310       0x11 /usr/lib/gcc/arm-none-eabi/4.9.3/../../../arm-none-eabi/lib/armv7-m/libc_nano.a(lib_a-nano-vfprintf.o)
 *fill*         0x0000000000404321        0xf 
 .rodata.str1.1
                0x0000000000404330       0x22 /usr/lib/gcc/arm-none-eabi/4.9.3/../../../arm-none-eabi/lib/armv7-m/libc_nano.a(lib_a-nano-vfprintf_i.o)
 *fill*         0x0000000000404352        0xe 
 .rodata.__sf_fake_stdin
                0x0000000000404360       0x20 /usr/lib/gcc/arm-none-eabi/4.9.3/../../../arm-none-eabi/lib/armv7-m/libc_nano.a(lib_a-findfp.o)
                0x0000000000404360                __sf_fake_stdin
 .rodata.__sf_fake_stdout
                0x0000000000404380       0x20 /usr/lib/gcc/arm-none-eabi/4.9.3/../../../arm-none-eabi/lib/armv7-m/libc_nano.a(lib_a-findfp.o)
                0x0000000000404380                __sf_fake_stdout
 .rodata.__sf_fake_stderr
                0x00000000004043a0       0x20 /usr/lib/gcc/arm-none-eabi/4.9.3/../../../arm-none-eabi/lib/armv7-m/libc_nano.a(lib_a-findfp.o)
                0x00000000004043a0                __sf_fake_stderr
 *(.glue_7t)
 .glue_7t       0x00000000004043c0        0x0 linker stubs
 *(.glue_7)
 .glue_7        0x00000000004043c0        0x0 linker stubs
 *(.gcc*)

.vfp11_veneer   0x00000000004043c0        0x0
 .vfp11_veneer  0x00000000004043c0        0x0 linker stubs

.v4_bx          0x00000000004043c0        0x0
 .v4_bx         0x00000000004043c0        0x0 linker stubs

.iplt           0x00000000004043c0        0x0
 .iplt          0x00000000004043c0        0x0 build/obj/crt0.o

.ARM.extab      0x00000000004043c0       0x18
 *(.ARM.extab* .gnu.linkonce.armextab.*)
 .ARM.extab     0x00000000004043c0       0x18 /usr/lib/gcc/arm-none-eabi/4.9.3/armv7-m/libgcc.a(pr-support.o)

.ARM.exidx      0x00000000004043d8       0xf0
                0x00000000004043d8                PROVIDE (__exidx_start, .)
 *(.ARM.exidx* .gnu.linkonce.armexidx.*)
 .ARM.exidx.text._ZL7Thread1Pv
                0x0000000000404498        0x8 build/obj/main.o
 .ARM.exidx.text._Z7I2CInitv
                0x00000000004044a0        0x8 build/obj/main.o
 .ARM.exidx.text._Z13I2CWriteByteshhh
                0x00000000004044a8        0x8 build/obj/main.o
 .ARM.exidx.text._Z12I2CReadByteshhPhh
                0x00000000004044b0        0x8 build/obj/main.o
 .ARM.exidx.text._ZL9GPSThreadPv
                0x00000000004044b8       0x10 build/obj/main.o
                                          0x8 (size before relaxing)
 .ARM.exidx.text.startup.main
                0x00000000004043d8        0x8 build/obj/main.o
 .ARM.exidx     0x00000000004043e0       0x80 /usr/lib/gcc/arm-none-eabi/4.9.3/armv7-m/libgcc.a(unwind-arm.o)
                                         0xd8 (size before relaxing)
 .ARM.exidx     0x0000000000404460       0x38 /usr/lib/gcc/arm-none-eabi/4.9.3/armv7-m/libgcc.a(pr-support.o)
                                         0x48 (size before relaxing)
                0x00000000004044c8                PROVIDE (__exidx_end, .)

.rel.dyn        0x00000000004044c8        0x0
 .rel.iplt      0x00000000004044c8        0x0 build/obj/crt0.o

.eh_frame_hdr
 *(.eh_frame_hdr)

.eh_frame
 *(.eh_frame)

.textalign      0x00000000004044c8        0x0
                0x00000000004044c8                . = ALIGN (0x8)
                0x00000000004044c8                _etext = .
                0x00000000004044c8                _textdata = _etext

.stacks         0x0000000020000000      0x800
                0x0000000020000000                . = ALIGN (0x8)
                0x0000000020000000                __main_stack_base__ = .
                0x0000000020000400                . = (. + __main_stack_size__)
 *fill*         0x0000000020000000      0x400 
                0x0000000020000400                . = ALIGN (0x8)
                0x0000000020000400                __main_stack_end__ = .
                0x0000000020000400                __process_stack_base__ = .
                0x0000000020000400                __main_thread_stack_base__ = .
                0x0000000020000800                . = (. + __process_stack_size__)
 *fill*         0x0000000020000400      0x400 
                0x0000000020000800                . = ALIGN (0x8)
                0x0000000020000800                __process_stack_end__ = .
                0x0000000020000800                __main_thread_stack_end__ = .

.data           0x0000000020000800       0x68 load address 0x00000000004044c8
                0x0000000020000800                . = ALIGN (0x4)
                0x0000000020000800                PROVIDE (_data, .)
 *(.data)
                0x0000000020000800                . = ALIGN (0x4)
 *(.data.*)
 .data.SystemCoreClock
                0x0000000020000800        0x4 build/obj/system_SAM3.o
                0x0000000020000800                SystemCoreClock
 .data.impure_data
                0x0000000020000804       0x60 /usr/lib/gcc/arm-none-eabi/4.9.3/../../../arm-none-eabi/lib/armv7-m/libc_nano.a(lib_a-impure.o)
 .data._impure_ptr
                0x0000000020000864        0x4 /usr/lib/gcc/arm-none-eabi/4.9.3/../../../arm-none-eabi/lib/armv7-m/libc_nano.a(lib_a-impure.o)
                0x0000000020000864                _impure_ptr
                0x0000000020000868                . = ALIGN (0x4)
 *(.ramtext)
                0x0000000020000868                . = ALIGN (0x4)
                0x0000000020000868                PROVIDE (_edata, .)

.igot.plt       0x0000000020000868        0x0 load address 0x0000000000404530
 .igot.plt      0x0000000020000868        0x0 build/obj/crt0.o

.bss            0x0000000020000868      0x83c load address 0x0000000000404530
                0x0000000020000868                . = ALIGN (0x4)
                0x0000000020000868                PROVIDE (_bss_start, .)
 *(.bss)
                0x0000000020000868                . = ALIGN (0x4)
 *(.bss.*)
 .bss.mainthread.4837
                0x0000000020000868       0x48 build/obj/chsys.o
 .bss._idle_thread_wa
                0x00000000200008b0       0xc0 build/obj/chsys.o
                0x00000000200008b0                _idle_thread_wa
 .bss.vtlist    0x0000000020000970       0x10 build/obj/chvt.o
                0x0000000020000970                vtlist
 .bss.rlist     0x0000000020000980       0x20 build/obj/chschd.o
                0x0000000020000980                rlist
 .bss.endmem    0x00000000200009a0        0x4 build/obj/chmemcore.o
 .bss.nextmem   0x00000000200009a4        0x4 build/obj/chmemcore.o
 .bss.default_heap
                0x00000000200009a8       0x20 build/obj/chheap.o
 .bss.SD1       0x00000000200009c8       0x74 build/obj/serial_lld.o
                0x00000000200009c8                SD1
 .bss.SD2       0x0000000020000a3c       0x74 build/obj/serial_lld.o
                0x0000000020000a3c                SD2
 .bss.twid_     0x0000000020000ab0        0x8 build/obj/main.o
                0x0000000020000ab0                twid_
 .bss._ZL9waThread1
                0x0000000020000ab8      0x130 build/obj/main.o
 .bss._ZL7AreaGPS
                0x0000000020000be8      0x4b0 build/obj/main.o
 .bss.__malloc_sbrk_start
                0x0000000020001098        0x4 /usr/lib/gcc/arm-none-eabi/4.9.3/../../../arm-none-eabi/lib/armv7-m/libc_nano.a(lib_a-nano-mallocr.o)
                0x0000000020001098                __malloc_sbrk_start
 .bss.__malloc_free_list
                0x000000002000109c        0x4 /usr/lib/gcc/arm-none-eabi/4.9.3/../../../arm-none-eabi/lib/armv7-m/libc_nano.a(lib_a-nano-mallocr.o)
                0x000000002000109c                __malloc_free_list
                0x00000000200010a0                . = ALIGN (0x4)
 *(COMMON)
 COMMON         0x00000000200010a0        0x4 /usr/lib/gcc/arm-none-eabi/4.9.3/../../../arm-none-eabi/lib/armv7-m/libc_nano.a(lib_a-reent.o)
                0x00000000200010a0                errno
                0x00000000200010a4                . = ALIGN (0x4)
                0x00000000200010a4                PROVIDE (_bss_end, .)
                [!provide]                        PROVIDE (end, .)
                0x00000000200010a4                _end = .
                0x00000000200010a4                __heap_base__ = _end
                0x0000000020008000                __heap_end__ = __ram_end__
OUTPUT(build/gps.elf elf32-littlearm)

.debug_info     0x0000000000000000    0x1a213
 .debug_info    0x0000000000000000      0x2f2 build/obj/crt0.o
 .debug_info    0x00000000000002f2       0xb3 build/obj/vectors.o
 .debug_info    0x00000000000003a5      0x815 build/obj/chcore_v7m.o
 .debug_info    0x0000000000000bba      0x3ff build/obj/nvic.o
 .debug_info    0x0000000000000fb9      0x6bf build/obj/chsys.o
 .debug_info    0x0000000000001678      0x262 build/obj/chvt.o
 .debug_info    0x00000000000018da      0x8d3 build/obj/chschd.o
 .debug_info    0x00000000000021ad      0xbe1 build/obj/chthreads.o
 .debug_info    0x0000000000002d8e      0x9ec build/obj/chmtx.o
 .debug_info    0x000000000000377a      0xcc8 build/obj/chevents.o
 .debug_info    0x0000000000004442      0xbb3 build/obj/chqueues.o
 .debug_info    0x0000000000004ff5      0x218 build/obj/chmemcore.o
 .debug_info    0x000000000000520d      0x6db build/obj/chheap.o
 .debug_info    0x00000000000058e8      0x188 build/obj/hal.o
 .debug_info    0x0000000000005a70     0x10e9 build/obj/serial.o
 .debug_info    0x0000000000006b59      0x177 build/obj/hal_lld.o
 .debug_info    0x0000000000006cd0      0x42e build/obj/system_SAM3.o
 .debug_info    0x00000000000070fe      0x88c build/obj/pal_lld.o
 .debug_info    0x000000000000798a     0x1594 build/obj/serial_lld.o
 .debug_info    0x0000000000008f1e      0x9e9 build/obj/pio.o
 .debug_info    0x0000000000009907      0xb97 build/obj/atmel_twi.o
 .debug_info    0x000000000000a49e      0xa20 build/obj/atmel_twid.o
 .debug_info    0x000000000000aebe      0x5a8 build/obj/pmc.o
 .debug_info    0x000000000000b466      0x6b3 build/obj/board.o
 .debug_info    0x000000000000bb19      0xc8d build/obj/syscalls.o
 .debug_info    0x000000000000c7a6      0x49d build/obj/chprintf.o
 .debug_info    0x000000000000cc43     0x1db7 build/obj/main.o
 .debug_info    0x000000000000e9fa       0xd4 /usr/lib/gcc/arm-none-eabi/4.9.3/../../../arm-none-eabi/lib/armv7-m/libc_nano.a(lib_a-abort.o)
 .debug_info    0x000000000000eace      0x843 /usr/lib/gcc/arm-none-eabi/4.9.3/../../../arm-none-eabi/lib/armv7-m/libc_nano.a(lib_a-assert.o)
 .debug_info    0x000000000000f311      0x86e /usr/lib/gcc/arm-none-eabi/4.9.3/../../../arm-none-eabi/lib/armv7-m/libc_nano.a(lib_a-fprintf.o)
 .debug_info    0x000000000000fb7f      0x7d3 /usr/lib/gcc/arm-none-eabi/4.9.3/../../../arm-none-eabi/lib/armv7-m/libc_nano.a(lib_a-impure.o)
 .debug_info    0x0000000000010352       0xd3 /usr/lib/gcc/arm-none-eabi/4.9.3/../../../arm-none-eabi/lib/armv7-m/libc_nano.a(lib_a-memset.o)
 .debug_info    0x0000000000010425      0xe05 /usr/lib/gcc/arm-none-eabi/4.9.3/../../../arm-none-eabi/lib/armv7-m/libc_nano.a(lib_a-nano-vfprintf.o)
 .debug_info    0x000000000001122a      0xb5b /usr/lib/gcc/arm-none-eabi/4.9.3/../../../arm-none-eabi/lib/armv7-m/libc_nano.a(lib_a-nano-vfprintf_i.o)
 .debug_info    0x0000000000011d85      0xa55 /usr/lib/gcc/arm-none-eabi/4.9.3/../../../arm-none-eabi/lib/armv7-m/libc_nano.a(lib_a-signal.o)
 .debug_info    0x00000000000127da      0x802 /usr/lib/gcc/arm-none-eabi/4.9.3/../../../arm-none-eabi/lib/armv7-m/libc_nano.a(lib_a-signalr.o)
 .debug_info    0x0000000000012fdc       0xdb /usr/lib/gcc/arm-none-eabi/4.9.3/../../../arm-none-eabi/lib/armv7-m/libc_nano.a(lib_a-strstr.o)
 .debug_info    0x00000000000130b7      0x816 /usr/lib/gcc/arm-none-eabi/4.9.3/../../../arm-none-eabi/lib/armv7-m/libc_nano.a(lib_a-strtok.o)
 .debug_info    0x00000000000138cd      0x184 /usr/lib/gcc/arm-none-eabi/4.9.3/../../../arm-none-eabi/lib/armv7-m/libc_nano.a(lib_a-strtok_r.o)
 .debug_info    0x0000000000013a51      0x916 /usr/lib/gcc/arm-none-eabi/4.9.3/../../../arm-none-eabi/lib/armv7-m/libc_nano.a(lib_a-wbuf.o)
 .debug_info    0x0000000000014367      0x881 /usr/lib/gcc/arm-none-eabi/4.9.3/../../../arm-none-eabi/lib/armv7-m/libc_nano.a(lib_a-wsetup.o)
 .debug_info    0x0000000000014be8      0xa00 /usr/lib/gcc/arm-none-eabi/4.9.3/../../../arm-none-eabi/lib/armv7-m/libc_nano.a(lib_a-fflush.o)
 .debug_info    0x00000000000155e8      0xd5a /usr/lib/gcc/arm-none-eabi/4.9.3/../../../arm-none-eabi/lib/armv7-m/libc_nano.a(lib_a-findfp.o)
 .debug_info    0x0000000000016342      0x846 /usr/lib/gcc/arm-none-eabi/4.9.3/../../../arm-none-eabi/lib/armv7-m/libc_nano.a(lib_a-fwalk.o)
 .debug_info    0x0000000000016b88      0x98c /usr/lib/gcc/arm-none-eabi/4.9.3/../../../arm-none-eabi/lib/armv7-m/libc_nano.a(lib_a-makebuf.o)
 .debug_info    0x0000000000017514      0x7c1 /usr/lib/gcc/arm-none-eabi/4.9.3/../../../arm-none-eabi/lib/armv7-m/libc_nano.a(lib_a-malloc.o)
 .debug_info    0x0000000000017cd5       0xf8 /usr/lib/gcc/arm-none-eabi/4.9.3/../../../arm-none-eabi/lib/armv7-m/libc_nano.a(lib_a-memchr.o)
 .debug_info    0x0000000000017dcd      0x81a /usr/lib/gcc/arm-none-eabi/4.9.3/../../../arm-none-eabi/lib/armv7-m/libc_nano.a(lib_a-nano-freer.o)
 .debug_info    0x00000000000185e7      0x8fb /usr/lib/gcc/arm-none-eabi/4.9.3/../../../arm-none-eabi/lib/armv7-m/libc_nano.a(lib_a-nano-mallocr.o)
 .debug_info    0x0000000000018ee2      0x8fb /usr/lib/gcc/arm-none-eabi/4.9.3/../../../arm-none-eabi/lib/armv7-m/libc_nano.a(lib_a-reent.o)
 .debug_info    0x00000000000197dd      0xa36 /usr/lib/gcc/arm-none-eabi/4.9.3/../../../arm-none-eabi/lib/armv7-m/libc_nano.a(lib_a-stdio.o)

.debug_abbrev   0x0000000000000000     0x5d50
 .debug_abbrev  0x0000000000000000      0x13a build/obj/crt0.o
 .debug_abbrev  0x000000000000013a       0x75 build/obj/vectors.o
 .debug_abbrev  0x00000000000001af      0x23f build/obj/chcore_v7m.o
 .debug_abbrev  0x00000000000003ee      0x10e build/obj/nvic.o
 .debug_abbrev  0x00000000000004fc      0x211 build/obj/chsys.o
 .debug_abbrev  0x000000000000070d      0x133 build/obj/chvt.o
 .debug_abbrev  0x0000000000000840      0x311 build/obj/chschd.o
 .debug_abbrev  0x0000000000000b51      0x335 build/obj/chthreads.o
 .debug_abbrev  0x0000000000000e86      0x303 build/obj/chmtx.o
 .debug_abbrev  0x0000000000001189      0x2c2 build/obj/chevents.o
 .debug_abbrev  0x000000000000144b      0x335 build/obj/chqueues.o
 .debug_abbrev  0x0000000000001780      0x15b build/obj/chmemcore.o
 .debug_abbrev  0x00000000000018db      0x1e7 build/obj/chheap.o
 .debug_abbrev  0x0000000000001ac2      0x10a build/obj/hal.o
 .debug_abbrev  0x0000000000001bcc      0x2c0 build/obj/serial.o
 .debug_abbrev  0x0000000000001e8c      0x114 build/obj/hal_lld.o
 .debug_abbrev  0x0000000000001fa0       0xe3 build/obj/system_SAM3.o
 .debug_abbrev  0x0000000000002083      0x11b build/obj/pal_lld.o
 .debug_abbrev  0x000000000000219e      0x3c2 build/obj/serial_lld.o
 .debug_abbrev  0x0000000000002560      0x1f4 build/obj/pio.o
 .debug_abbrev  0x0000000000002754      0x21a build/obj/atmel_twi.o
 .debug_abbrev  0x000000000000296e      0x22c build/obj/atmel_twid.o
 .debug_abbrev  0x0000000000002b9a      0x15e build/obj/pmc.o
 .debug_abbrev  0x0000000000002cf8      0x15a build/obj/board.o
 .debug_abbrev  0x0000000000002e52      0x23a build/obj/syscalls.o
 .debug_abbrev  0x000000000000308c      0x192 build/obj/chprintf.o
 .debug_abbrev  0x000000000000321e      0x326 build/obj/main.o
 .debug_abbrev  0x0000000000003544       0x95 /usr/lib/gcc/arm-none-eabi/4.9.3/../../../arm-none-eabi/lib/armv7-m/libc_nano.a(lib_a-abort.o)
 .debug_abbrev  0x00000000000035d9      0x19d /usr/lib/gcc/arm-none-eabi/4.9.3/../../../arm-none-eabi/lib/armv7-m/libc_nano.a(lib_a-assert.o)
 .debug_abbrev  0x0000000000003776      0x1bb /usr/lib/gcc/arm-none-eabi/4.9.3/../../../arm-none-eabi/lib/armv7-m/libc_nano.a(lib_a-fprintf.o)
 .debug_abbrev  0x0000000000003931      0x136 /usr/lib/gcc/arm-none-eabi/4.9.3/../../../arm-none-eabi/lib/armv7-m/libc_nano.a(lib_a-impure.o)
 .debug_abbrev  0x0000000000003a67       0x8e /usr/lib/gcc/arm-none-eabi/4.9.3/../../../arm-none-eabi/lib/armv7-m/libc_nano.a(lib_a-memset.o)
 .debug_abbrev  0x0000000000003af5      0x2a5 /usr/lib/gcc/arm-none-eabi/4.9.3/../../../arm-none-eabi/lib/armv7-m/libc_nano.a(lib_a-nano-vfprintf.o)
 .debug_abbrev  0x0000000000003d9a      0x1fb /usr/lib/gcc/arm-none-eabi/4.9.3/../../../arm-none-eabi/lib/armv7-m/libc_nano.a(lib_a-nano-vfprintf_i.o)
 .debug_abbrev  0x0000000000003f95      0x271 /usr/lib/gcc/arm-none-eabi/4.9.3/../../../arm-none-eabi/lib/armv7-m/libc_nano.a(lib_a-signal.o)
 .debug_abbrev  0x0000000000004206      0x1af /usr/lib/gcc/arm-none-eabi/4.9.3/../../../arm-none-eabi/lib/armv7-m/libc_nano.a(lib_a-signalr.o)
 .debug_abbrev  0x00000000000043b5       0x95 /usr/lib/gcc/arm-none-eabi/4.9.3/../../../arm-none-eabi/lib/armv7-m/libc_nano.a(lib_a-strstr.o)
 .debug_abbrev  0x000000000000444a      0x1e1 /usr/lib/gcc/arm-none-eabi/4.9.3/../../../arm-none-eabi/lib/armv7-m/libc_nano.a(lib_a-strtok.o)
 .debug_abbrev  0x000000000000462b       0xed /usr/lib/gcc/arm-none-eabi/4.9.3/../../../arm-none-eabi/lib/armv7-m/libc_nano.a(lib_a-strtok_r.o)
 .debug_abbrev  0x0000000000004718      0x1f7 /usr/lib/gcc/arm-none-eabi/4.9.3/../../../arm-none-eabi/lib/armv7-m/libc_nano.a(lib_a-wbuf.o)
 .debug_abbrev  0x000000000000490f      0x1a5 /usr/lib/gcc/arm-none-eabi/4.9.3/../../../arm-none-eabi/lib/armv7-m/libc_nano.a(lib_a-wsetup.o)
 .debug_abbrev  0x0000000000004ab4      0x24e /usr/lib/gcc/arm-none-eabi/4.9.3/../../../arm-none-eabi/lib/armv7-m/libc_nano.a(lib_a-fflush.o)
 .debug_abbrev  0x0000000000004d02      0x300 /usr/lib/gcc/arm-none-eabi/4.9.3/../../../arm-none-eabi/lib/armv7-m/libc_nano.a(lib_a-findfp.o)
 .debug_abbrev  0x0000000000005002      0x176 /usr/lib/gcc/arm-none-eabi/4.9.3/../../../arm-none-eabi/lib/armv7-m/libc_nano.a(lib_a-fwalk.o)
 .debug_abbrev  0x0000000000005178      0x1ab /usr/lib/gcc/arm-none-eabi/4.9.3/../../../arm-none-eabi/lib/armv7-m/libc_nano.a(lib_a-makebuf.o)
 .debug_abbrev  0x0000000000005323      0x19f /usr/lib/gcc/arm-none-eabi/4.9.3/../../../arm-none-eabi/lib/armv7-m/libc_nano.a(lib_a-malloc.o)
 .debug_abbrev  0x00000000000054c2       0xab /usr/lib/gcc/arm-none-eabi/4.9.3/../../../arm-none-eabi/lib/armv7-m/libc_nano.a(lib_a-memchr.o)
 .debug_abbrev  0x000000000000556d      0x1b6 /usr/lib/gcc/arm-none-eabi/4.9.3/../../../arm-none-eabi/lib/armv7-m/libc_nano.a(lib_a-nano-freer.o)
 .debug_abbrev  0x0000000000005723      0x250 /usr/lib/gcc/arm-none-eabi/4.9.3/../../../arm-none-eabi/lib/armv7-m/libc_nano.a(lib_a-nano-mallocr.o)
 .debug_abbrev  0x0000000000005973      0x1f2 /usr/lib/gcc/arm-none-eabi/4.9.3/../../../arm-none-eabi/lib/armv7-m/libc_nano.a(lib_a-reent.o)
 .debug_abbrev  0x0000000000005b65      0x1eb /usr/lib/gcc/arm-none-eabi/4.9.3/../../../arm-none-eabi/lib/armv7-m/libc_nano.a(lib_a-stdio.o)

.debug_loc      0x0000000000000000     0x6ac6
 .debug_loc     0x0000000000000000       0xba build/obj/crt0.o
 .debug_loc     0x00000000000000ba       0x5a build/obj/chcore_v7m.o
 .debug_loc     0x0000000000000114      0x158 build/obj/nvic.o
 .debug_loc     0x000000000000026c       0x31 build/obj/chsys.o
 .debug_loc     0x000000000000029d       0xd9 build/obj/chvt.o
 .debug_loc     0x0000000000000376      0x2a4 build/obj/chschd.o
 .debug_loc     0x000000000000061a      0x423 build/obj/chthreads.o
 .debug_loc     0x0000000000000a3d      0x41a build/obj/chmtx.o
 .debug_loc     0x0000000000000e57      0x591 build/obj/chevents.o
 .debug_loc     0x00000000000013e8      0x4f5 build/obj/chqueues.o
 .debug_loc     0x00000000000018dd       0xb0 build/obj/chmemcore.o
 .debug_loc     0x000000000000198d      0x3a1 build/obj/chheap.o
 .debug_loc     0x0000000000001d2e      0x4e0 build/obj/serial.o
 .debug_loc     0x000000000000220e       0x42 build/obj/pal_lld.o
 .debug_loc     0x0000000000002250      0x299 build/obj/serial_lld.o
 .debug_loc     0x00000000000024e9      0x39a build/obj/pio.o
 .debug_loc     0x0000000000002883      0x83c build/obj/atmel_twi.o
 .debug_loc     0x00000000000030bf      0x8f6 build/obj/atmel_twid.o
 .debug_loc     0x00000000000039b5      0x269 build/obj/pmc.o
 .debug_loc     0x0000000000003c1e      0x1a4 build/obj/syscalls.o
 .debug_loc     0x0000000000003dc2      0x6f7 build/obj/chprintf.o
 .debug_loc     0x00000000000044b9      0x371 build/obj/main.o
 .debug_loc     0x000000000000482a      0x11f /usr/lib/gcc/arm-none-eabi/4.9.3/../../../arm-none-eabi/lib/armv7-m/libc_nano.a(lib_a-assert.o)
 .debug_loc     0x0000000000004949       0x6e /usr/lib/gcc/arm-none-eabi/4.9.3/../../../arm-none-eabi/lib/armv7-m/libc_nano.a(lib_a-fprintf.o)
 .debug_loc     0x00000000000049b7       0x49 /usr/lib/gcc/arm-none-eabi/4.9.3/../../../arm-none-eabi/lib/armv7-m/libc_nano.a(lib_a-memset.o)
 .debug_loc     0x0000000000004a00      0x4f6 /usr/lib/gcc/arm-none-eabi/4.9.3/../../../arm-none-eabi/lib/armv7-m/libc_nano.a(lib_a-nano-vfprintf.o)
 .debug_loc     0x0000000000004ef6      0x46d /usr/lib/gcc/arm-none-eabi/4.9.3/../../../arm-none-eabi/lib/armv7-m/libc_nano.a(lib_a-nano-vfprintf_i.o)
 .debug_loc     0x0000000000005363      0x3da /usr/lib/gcc/arm-none-eabi/4.9.3/../../../arm-none-eabi/lib/armv7-m/libc_nano.a(lib_a-signal.o)
 .debug_loc     0x000000000000573d       0x9a /usr/lib/gcc/arm-none-eabi/4.9.3/../../../arm-none-eabi/lib/armv7-m/libc_nano.a(lib_a-signalr.o)
 .debug_loc     0x00000000000057d7       0x55 /usr/lib/gcc/arm-none-eabi/4.9.3/../../../arm-none-eabi/lib/armv7-m/libc_nano.a(lib_a-strstr.o)
 .debug_loc     0x000000000000582c       0x94 /usr/lib/gcc/arm-none-eabi/4.9.3/../../../arm-none-eabi/lib/armv7-m/libc_nano.a(lib_a-strtok.o)
 .debug_loc     0x00000000000058c0      0x1a3 /usr/lib/gcc/arm-none-eabi/4.9.3/../../../arm-none-eabi/lib/armv7-m/libc_nano.a(lib_a-strtok_r.o)
 .debug_loc     0x0000000000005a63      0x113 /usr/lib/gcc/arm-none-eabi/4.9.3/../../../arm-none-eabi/lib/armv7-m/libc_nano.a(lib_a-wbuf.o)
 .debug_loc     0x0000000000005b76       0x5d /usr/lib/gcc/arm-none-eabi/4.9.3/../../../arm-none-eabi/lib/armv7-m/libc_nano.a(lib_a-wsetup.o)
 .debug_loc     0x0000000000005bd3      0x24c /usr/lib/gcc/arm-none-eabi/4.9.3/../../../arm-none-eabi/lib/armv7-m/libc_nano.a(lib_a-fflush.o)
 .debug_loc     0x0000000000005e1f      0x200 /usr/lib/gcc/arm-none-eabi/4.9.3/../../../arm-none-eabi/lib/armv7-m/libc_nano.a(lib_a-findfp.o)
 .debug_loc     0x000000000000601f      0x11f /usr/lib/gcc/arm-none-eabi/4.9.3/../../../arm-none-eabi/lib/armv7-m/libc_nano.a(lib_a-fwalk.o)
 .debug_loc     0x000000000000613e       0xe0 /usr/lib/gcc/arm-none-eabi/4.9.3/../../../arm-none-eabi/lib/armv7-m/libc_nano.a(lib_a-makebuf.o)
 .debug_loc     0x000000000000621e       0x58 /usr/lib/gcc/arm-none-eabi/4.9.3/../../../arm-none-eabi/lib/armv7-m/libc_nano.a(lib_a-malloc.o)
 .debug_loc     0x0000000000006276       0xaa /usr/lib/gcc/arm-none-eabi/4.9.3/../../../arm-none-eabi/lib/armv7-m/libc_nano.a(lib_a-memchr.o)
 .debug_loc     0x0000000000006320      0x172 /usr/lib/gcc/arm-none-eabi/4.9.3/../../../arm-none-eabi/lib/armv7-m/libc_nano.a(lib_a-nano-freer.o)
 .debug_loc     0x0000000000006492      0x304 /usr/lib/gcc/arm-none-eabi/4.9.3/../../../arm-none-eabi/lib/armv7-m/libc_nano.a(lib_a-nano-mallocr.o)
 .debug_loc     0x0000000000006796       0xfa /usr/lib/gcc/arm-none-eabi/4.9.3/../../../arm-none-eabi/lib/armv7-m/libc_nano.a(lib_a-reent.o)
 .debug_loc     0x0000000000006890      0x236 /usr/lib/gcc/arm-none-eabi/4.9.3/../../../arm-none-eabi/lib/armv7-m/libc_nano.a(lib_a-stdio.o)

.debug_aranges  0x0000000000000000      0xc20
 .debug_aranges
                0x0000000000000000       0x38 build/obj/crt0.o
 .debug_aranges
                0x0000000000000038       0x20 build/obj/vectors.o
 .debug_aranges
                0x0000000000000058       0x50 build/obj/chcore_v7m.o
 .debug_aranges
                0x00000000000000a8       0x30 build/obj/nvic.o
 .debug_aranges
                0x00000000000000d8       0x30 build/obj/chsys.o
 .debug_aranges
                0x0000000000000108       0x38 build/obj/chvt.o
 .debug_aranges
                0x0000000000000140       0x58 build/obj/chschd.o
 .debug_aranges
                0x0000000000000198       0x78 build/obj/chthreads.o
 .debug_aranges
                0x0000000000000210       0x58 build/obj/chmtx.o
 .debug_aranges
                0x0000000000000268       0x90 build/obj/chevents.o
 .debug_aranges
                0x00000000000002f8       0x70 build/obj/chqueues.o
 .debug_aranges
                0x0000000000000368       0x38 build/obj/chmemcore.o
 .debug_aranges
                0x00000000000003a0       0x40 build/obj/chheap.o
 .debug_aranges
                0x00000000000003e0       0x20 build/obj/hal.o
 .debug_aranges
                0x0000000000000400       0x90 build/obj/serial.o
 .debug_aranges
                0x0000000000000490       0x28 build/obj/hal_lld.o
 .debug_aranges
                0x00000000000004b8       0x28 build/obj/system_SAM3.o
 .debug_aranges
                0x00000000000004e0       0x28 build/obj/pal_lld.o
 .debug_aranges
                0x0000000000000508       0x58 build/obj/serial_lld.o
 .debug_aranges
                0x0000000000000560       0x48 build/obj/pio.o
 .debug_aranges
                0x00000000000005a8       0x98 build/obj/atmel_twi.o
 .debug_aranges
                0x0000000000000640       0x38 build/obj/atmel_twid.o
 .debug_aranges
                0x0000000000000678       0x60 build/obj/pmc.o
 .debug_aranges
                0x00000000000006d8       0x28 build/obj/board.o
 .debug_aranges
                0x0000000000000700       0x68 build/obj/syscalls.o
 .debug_aranges
                0x0000000000000768       0x28 build/obj/chprintf.o
 .debug_aranges
                0x0000000000000790       0x60 build/obj/main.o
 .debug_aranges
                0x00000000000007f0       0x20 /usr/lib/gcc/arm-none-eabi/4.9.3/../../../arm-none-eabi/lib/armv7-m/libc_nano.a(lib_a-abort.o)
 .debug_aranges
                0x0000000000000810       0x28 /usr/lib/gcc/arm-none-eabi/4.9.3/../../../arm-none-eabi/lib/armv7-m/libc_nano.a(lib_a-assert.o)
 .debug_aranges
                0x0000000000000838       0x28 /usr/lib/gcc/arm-none-eabi/4.9.3/../../../arm-none-eabi/lib/armv7-m/libc_nano.a(lib_a-fprintf.o)
 .debug_aranges
                0x0000000000000860       0x18 /usr/lib/gcc/arm-none-eabi/4.9.3/../../../arm-none-eabi/lib/armv7-m/libc_nano.a(lib_a-impure.o)
 .debug_aranges
                0x0000000000000878       0x20 /usr/lib/gcc/arm-none-eabi/4.9.3/../../../arm-none-eabi/lib/armv7-m/libc_nano.a(lib_a-memset.o)
 .debug_aranges
                0x0000000000000898       0x40 /usr/lib/gcc/arm-none-eabi/4.9.3/../../../arm-none-eabi/lib/armv7-m/libc_nano.a(lib_a-nano-vfprintf.o)
 .debug_aranges
                0x00000000000008d8       0x28 /usr/lib/gcc/arm-none-eabi/4.9.3/../../../arm-none-eabi/lib/armv7-m/libc_nano.a(lib_a-nano-vfprintf_i.o)
 .debug_aranges
                0x0000000000000900       0x58 /usr/lib/gcc/arm-none-eabi/4.9.3/../../../arm-none-eabi/lib/armv7-m/libc_nano.a(lib_a-signal.o)
 .debug_aranges
                0x0000000000000958       0x28 /usr/lib/gcc/arm-none-eabi/4.9.3/../../../arm-none-eabi/lib/armv7-m/libc_nano.a(lib_a-signalr.o)
 .debug_aranges
                0x0000000000000980       0x20 /usr/lib/gcc/arm-none-eabi/4.9.3/../../../arm-none-eabi/lib/armv7-m/libc_nano.a(lib_a-strstr.o)
 .debug_aranges
                0x00000000000009a0       0x20 /usr/lib/gcc/arm-none-eabi/4.9.3/../../../arm-none-eabi/lib/armv7-m/libc_nano.a(lib_a-strtok.o)
 .debug_aranges
                0x00000000000009c0       0x28 /usr/lib/gcc/arm-none-eabi/4.9.3/../../../arm-none-eabi/lib/armv7-m/libc_nano.a(lib_a-strtok_r.o)
 .debug_aranges
                0x00000000000009e8       0x28 /usr/lib/gcc/arm-none-eabi/4.9.3/../../../arm-none-eabi/lib/armv7-m/libc_nano.a(lib_a-wbuf.o)
 .debug_aranges
                0x0000000000000a10       0x20 /usr/lib/gcc/arm-none-eabi/4.9.3/../../../arm-none-eabi/lib/armv7-m/libc_nano.a(lib_a-wsetup.o)
 .debug_aranges
                0x0000000000000a30       0x30 /usr/lib/gcc/arm-none-eabi/4.9.3/../../../arm-none-eabi/lib/armv7-m/libc_nano.a(lib_a-fflush.o)
 .debug_aranges
                0x0000000000000a60       0x88 /usr/lib/gcc/arm-none-eabi/4.9.3/../../../arm-none-eabi/lib/armv7-m/libc_nano.a(lib_a-findfp.o)
 .debug_aranges
                0x0000000000000ae8       0x28 /usr/lib/gcc/arm-none-eabi/4.9.3/../../../arm-none-eabi/lib/armv7-m/libc_nano.a(lib_a-fwalk.o)
 .debug_aranges
                0x0000000000000b10       0x20 /usr/lib/gcc/arm-none-eabi/4.9.3/../../../arm-none-eabi/lib/armv7-m/libc_nano.a(lib_a-makebuf.o)
 .debug_aranges
                0x0000000000000b30       0x28 /usr/lib/gcc/arm-none-eabi/4.9.3/../../../arm-none-eabi/lib/armv7-m/libc_nano.a(lib_a-malloc.o)
 .debug_aranges
                0x0000000000000b58       0x20 /usr/lib/gcc/arm-none-eabi/4.9.3/../../../arm-none-eabi/lib/armv7-m/libc_nano.a(lib_a-memchr.o)
 .debug_aranges
                0x0000000000000b78       0x20 /usr/lib/gcc/arm-none-eabi/4.9.3/../../../arm-none-eabi/lib/armv7-m/libc_nano.a(lib_a-nano-freer.o)
 .debug_aranges
                0x0000000000000b98       0x20 /usr/lib/gcc/arm-none-eabi/4.9.3/../../../arm-none-eabi/lib/armv7-m/libc_nano.a(lib_a-nano-mallocr.o)
 .debug_aranges
                0x0000000000000bb8       0x28 /usr/lib/gcc/arm-none-eabi/4.9.3/../../../arm-none-eabi/lib/armv7-m/libc_nano.a(lib_a-reent.o)
 .debug_aranges
                0x0000000000000be0       0x40 /usr/lib/gcc/arm-none-eabi/4.9.3/../../../arm-none-eabi/lib/armv7-m/libc_nano.a(lib_a-stdio.o)

.debug_ranges   0x0000000000000000      0xed8
 .debug_ranges  0x0000000000000000       0x58 build/obj/crt0.o
 .debug_ranges  0x0000000000000058       0x10 build/obj/vectors.o
 .debug_ranges  0x0000000000000068       0x58 build/obj/chcore_v7m.o
 .debug_ranges  0x00000000000000c0       0x20 build/obj/nvic.o
 .debug_ranges  0x00000000000000e0       0x38 build/obj/chsys.o
 .debug_ranges  0x0000000000000118       0x28 build/obj/chvt.o
 .debug_ranges  0x0000000000000140      0x110 build/obj/chschd.o
 .debug_ranges  0x0000000000000250      0x130 build/obj/chthreads.o
 .debug_ranges  0x0000000000000380      0x1a0 build/obj/chmtx.o
 .debug_ranges  0x0000000000000520       0xe0 build/obj/chevents.o
 .debug_ranges  0x0000000000000600       0xc0 build/obj/chqueues.o
 .debug_ranges  0x00000000000006c0       0x28 build/obj/chmemcore.o
 .debug_ranges  0x00000000000006e8       0x30 build/obj/chheap.o
 .debug_ranges  0x0000000000000718       0x10 build/obj/hal.o
 .debug_ranges  0x0000000000000728       0xc8 build/obj/serial.o
 .debug_ranges  0x00000000000007f0       0x18 build/obj/hal_lld.o
 .debug_ranges  0x0000000000000808       0x18 build/obj/system_SAM3.o
 .debug_ranges  0x0000000000000820       0x18 build/obj/pal_lld.o
 .debug_ranges  0x0000000000000838       0x78 build/obj/serial_lld.o
 .debug_ranges  0x00000000000008b0       0xb0 build/obj/pio.o
 .debug_ranges  0x0000000000000960       0x88 build/obj/atmel_twi.o
 .debug_ranges  0x00000000000009e8       0x28 build/obj/atmel_twid.o
 .debug_ranges  0x0000000000000a10       0x50 build/obj/pmc.o
 .debug_ranges  0x0000000000000a60       0x18 build/obj/board.o
 .debug_ranges  0x0000000000000a78       0x58 build/obj/syscalls.o
 .debug_ranges  0x0000000000000ad0       0x18 build/obj/chprintf.o
 .debug_ranges  0x0000000000000ae8       0x68 build/obj/main.o
 .debug_ranges  0x0000000000000b50       0x10 /usr/lib/gcc/arm-none-eabi/4.9.3/../../../arm-none-eabi/lib/armv7-m/libc_nano.a(lib_a-abort.o)
 .debug_ranges  0x0000000000000b60       0x18 /usr/lib/gcc/arm-none-eabi/4.9.3/../../../arm-none-eabi/lib/armv7-m/libc_nano.a(lib_a-assert.o)
 .debug_ranges  0x0000000000000b78       0x18 /usr/lib/gcc/arm-none-eabi/4.9.3/../../../arm-none-eabi/lib/armv7-m/libc_nano.a(lib_a-fprintf.o)
 .debug_ranges  0x0000000000000b90       0x10 /usr/lib/gcc/arm-none-eabi/4.9.3/../../../arm-none-eabi/lib/armv7-m/libc_nano.a(lib_a-memset.o)
 .debug_ranges  0x0000000000000ba0       0x30 /usr/lib/gcc/arm-none-eabi/4.9.3/../../../arm-none-eabi/lib/armv7-m/libc_nano.a(lib_a-nano-vfprintf.o)
 .debug_ranges  0x0000000000000bd0       0x60 /usr/lib/gcc/arm-none-eabi/4.9.3/../../../arm-none-eabi/lib/armv7-m/libc_nano.a(lib_a-nano-vfprintf_i.o)
 .debug_ranges  0x0000000000000c30       0x60 /usr/lib/gcc/arm-none-eabi/4.9.3/../../../arm-none-eabi/lib/armv7-m/libc_nano.a(lib_a-signal.o)
 .debug_ranges  0x0000000000000c90       0x18 /usr/lib/gcc/arm-none-eabi/4.9.3/../../../arm-none-eabi/lib/armv7-m/libc_nano.a(lib_a-signalr.o)
 .debug_ranges  0x0000000000000ca8       0x28 /usr/lib/gcc/arm-none-eabi/4.9.3/../../../arm-none-eabi/lib/armv7-m/libc_nano.a(lib_a-strstr.o)
 .debug_ranges  0x0000000000000cd0       0x28 /usr/lib/gcc/arm-none-eabi/4.9.3/../../../arm-none-eabi/lib/armv7-m/libc_nano.a(lib_a-strtok.o)
 .debug_ranges  0x0000000000000cf8       0x18 /usr/lib/gcc/arm-none-eabi/4.9.3/../../../arm-none-eabi/lib/armv7-m/libc_nano.a(lib_a-strtok_r.o)
 .debug_ranges  0x0000000000000d10       0x18 /usr/lib/gcc/arm-none-eabi/4.9.3/../../../arm-none-eabi/lib/armv7-m/libc_nano.a(lib_a-wbuf.o)
 .debug_ranges  0x0000000000000d28       0x30 /usr/lib/gcc/arm-none-eabi/4.9.3/../../../arm-none-eabi/lib/armv7-m/libc_nano.a(lib_a-wsetup.o)
 .debug_ranges  0x0000000000000d58       0x20 /usr/lib/gcc/arm-none-eabi/4.9.3/../../../arm-none-eabi/lib/armv7-m/libc_nano.a(lib_a-fflush.o)
 .debug_ranges  0x0000000000000d78       0x78 /usr/lib/gcc/arm-none-eabi/4.9.3/../../../arm-none-eabi/lib/armv7-m/libc_nano.a(lib_a-findfp.o)
 .debug_ranges  0x0000000000000df0       0x18 /usr/lib/gcc/arm-none-eabi/4.9.3/../../../arm-none-eabi/lib/armv7-m/libc_nano.a(lib_a-fwalk.o)
 .debug_ranges  0x0000000000000e08       0x10 /usr/lib/gcc/arm-none-eabi/4.9.3/../../../arm-none-eabi/lib/armv7-m/libc_nano.a(lib_a-makebuf.o)
 .debug_ranges  0x0000000000000e18       0x18 /usr/lib/gcc/arm-none-eabi/4.9.3/../../../arm-none-eabi/lib/armv7-m/libc_nano.a(lib_a-malloc.o)
 .debug_ranges  0x0000000000000e30       0x10 /usr/lib/gcc/arm-none-eabi/4.9.3/../../../arm-none-eabi/lib/armv7-m/libc_nano.a(lib_a-memchr.o)
 .debug_ranges  0x0000000000000e40       0x28 /usr/lib/gcc/arm-none-eabi/4.9.3/../../../arm-none-eabi/lib/armv7-m/libc_nano.a(lib_a-nano-freer.o)
 .debug_ranges  0x0000000000000e68       0x28 /usr/lib/gcc/arm-none-eabi/4.9.3/../../../arm-none-eabi/lib/armv7-m/libc_nano.a(lib_a-nano-mallocr.o)
 .debug_ranges  0x0000000000000e90       0x18 /usr/lib/gcc/arm-none-eabi/4.9.3/../../../arm-none-eabi/lib/armv7-m/libc_nano.a(lib_a-reent.o)
 .debug_ranges  0x0000000000000ea8       0x30 /usr/lib/gcc/arm-none-eabi/4.9.3/../../../arm-none-eabi/lib/armv7-m/libc_nano.a(lib_a-stdio.o)

.debug_line     0x0000000000000000     0x6060
 .debug_line    0x0000000000000000      0x10c build/obj/crt0.o
 .debug_line    0x000000000000010c       0x68 build/obj/vectors.o
 .debug_line    0x0000000000000174      0x1dd build/obj/chcore_v7m.o
 .debug_line    0x0000000000000351       0xed build/obj/nvic.o
 .debug_line    0x000000000000043e      0x1ce build/obj/chsys.o
 .debug_line    0x000000000000060c      0x153 build/obj/chvt.o
 .debug_line    0x000000000000075f      0x2bd build/obj/chschd.o
 .debug_line    0x0000000000000a1c      0x36d build/obj/chthreads.o
 .debug_line    0x0000000000000d89      0x321 build/obj/chmtx.o
 .debug_line    0x00000000000010aa      0x2c4 build/obj/chevents.o
 .debug_line    0x000000000000136e      0x329 build/obj/chqueues.o
 .debug_line    0x0000000000001697      0x12a build/obj/chmemcore.o
 .debug_line    0x00000000000017c1      0x248 build/obj/chheap.o
 .debug_line    0x0000000000001a09      0x135 build/obj/hal.o
 .debug_line    0x0000000000001b3e      0x357 build/obj/serial.o
 .debug_line    0x0000000000001e95      0x113 build/obj/hal_lld.o
 .debug_line    0x0000000000001fa8      0x186 build/obj/system_SAM3.o
 .debug_line    0x000000000000212e      0x18f build/obj/pal_lld.o
 .debug_line    0x00000000000022bd      0x396 build/obj/serial_lld.o
 .debug_line    0x0000000000002653      0x1df build/obj/pio.o
 .debug_line    0x0000000000002832      0x2b8 build/obj/atmel_twi.o
 .debug_line    0x0000000000002aea      0x24e build/obj/atmel_twid.o
 .debug_line    0x0000000000002d38      0x273 build/obj/pmc.o
 .debug_line    0x0000000000002fab      0x155 build/obj/board.o
 .debug_line    0x0000000000003100      0x1a6 build/obj/syscalls.o
 .debug_line    0x00000000000032a6      0x24c build/obj/chprintf.o
 .debug_line    0x00000000000034f2      0x3bf build/obj/main.o
 .debug_line    0x00000000000038b1      0x11a /usr/lib/gcc/arm-none-eabi/4.9.3/../../../arm-none-eabi/lib/armv7-m/libc_nano.a(lib_a-abort.o)
 .debug_line    0x00000000000039cb      0x18e /usr/lib/gcc/arm-none-eabi/4.9.3/../../../arm-none-eabi/lib/armv7-m/libc_nano.a(lib_a-assert.o)
 .debug_line    0x0000000000003b59      0x18a /usr/lib/gcc/arm-none-eabi/4.9.3/../../../arm-none-eabi/lib/armv7-m/libc_nano.a(lib_a-fprintf.o)
 .debug_line    0x0000000000003ce3       0xf1 /usr/lib/gcc/arm-none-eabi/4.9.3/../../../arm-none-eabi/lib/armv7-m/libc_nano.a(lib_a-impure.o)
 .debug_line    0x0000000000003dd4       0xee /usr/lib/gcc/arm-none-eabi/4.9.3/../../../arm-none-eabi/lib/armv7-m/libc_nano.a(lib_a-memset.o)
 .debug_line    0x0000000000003ec2      0x2d3 /usr/lib/gcc/arm-none-eabi/4.9.3/../../../arm-none-eabi/lib/armv7-m/libc_nano.a(lib_a-nano-vfprintf.o)
 .debug_line    0x0000000000004195      0x305 /usr/lib/gcc/arm-none-eabi/4.9.3/../../../arm-none-eabi/lib/armv7-m/libc_nano.a(lib_a-nano-vfprintf_i.o)
 .debug_line    0x000000000000449a      0x24a /usr/lib/gcc/arm-none-eabi/4.9.3/../../../arm-none-eabi/lib/armv7-m/libc_nano.a(lib_a-signal.o)
 .debug_line    0x00000000000046e4      0x175 /usr/lib/gcc/arm-none-eabi/4.9.3/../../../arm-none-eabi/lib/armv7-m/libc_nano.a(lib_a-signalr.o)
 .debug_line    0x0000000000004859       0xf5 /usr/lib/gcc/arm-none-eabi/4.9.3/../../../arm-none-eabi/lib/armv7-m/libc_nano.a(lib_a-strstr.o)
 .debug_line    0x000000000000494e      0x16a /usr/lib/gcc/arm-none-eabi/4.9.3/../../../arm-none-eabi/lib/armv7-m/libc_nano.a(lib_a-strtok.o)
 .debug_line    0x0000000000004ab8       0xed /usr/lib/gcc/arm-none-eabi/4.9.3/../../../arm-none-eabi/lib/armv7-m/libc_nano.a(lib_a-strtok_r.o)
 .debug_line    0x0000000000004ba5      0x1cc /usr/lib/gcc/arm-none-eabi/4.9.3/../../../arm-none-eabi/lib/armv7-m/libc_nano.a(lib_a-wbuf.o)
 .debug_line    0x0000000000004d71      0x1bf /usr/lib/gcc/arm-none-eabi/4.9.3/../../../arm-none-eabi/lib/armv7-m/libc_nano.a(lib_a-wsetup.o)
 .debug_line    0x0000000000004f30      0x250 /usr/lib/gcc/arm-none-eabi/4.9.3/../../../arm-none-eabi/lib/armv7-m/libc_nano.a(lib_a-fflush.o)
 .debug_line    0x0000000000005180      0x2c0 /usr/lib/gcc/arm-none-eabi/4.9.3/../../../arm-none-eabi/lib/armv7-m/libc_nano.a(lib_a-findfp.o)
 .debug_line    0x0000000000005440      0x1b7 /usr/lib/gcc/arm-none-eabi/4.9.3/../../../arm-none-eabi/lib/armv7-m/libc_nano.a(lib_a-fwalk.o)
 .debug_line    0x00000000000055f7      0x1b7 /usr/lib/gcc/arm-none-eabi/4.9.3/../../../arm-none-eabi/lib/armv7-m/libc_nano.a(lib_a-makebuf.o)
 .debug_line    0x00000000000057ae      0x16e /usr/lib/gcc/arm-none-eabi/4.9.3/../../../arm-none-eabi/lib/armv7-m/libc_nano.a(lib_a-malloc.o)
 .debug_line    0x000000000000591c       0xf0 /usr/lib/gcc/arm-none-eabi/4.9.3/../../../arm-none-eabi/lib/armv7-m/libc_nano.a(lib_a-memchr.o)
 .debug_line    0x0000000000005a0c      0x145 /usr/lib/gcc/arm-none-eabi/4.9.3/../../../arm-none-eabi/lib/armv7-m/libc_nano.a(lib_a-nano-freer.o)
 .debug_line    0x0000000000005b51      0x199 /usr/lib/gcc/arm-none-eabi/4.9.3/../../../arm-none-eabi/lib/armv7-m/libc_nano.a(lib_a-nano-mallocr.o)
 .debug_line    0x0000000000005cea      0x19e /usr/lib/gcc/arm-none-eabi/4.9.3/../../../arm-none-eabi/lib/armv7-m/libc_nano.a(lib_a-reent.o)
 .debug_line    0x0000000000005e88      0x1d8 /usr/lib/gcc/arm-none-eabi/4.9.3/../../../arm-none-eabi/lib/armv7-m/libc_nano.a(lib_a-stdio.o)

.debug_str      0x0000000000000000     0x326f
 .debug_str     0x0000000000000000      0x285 build/obj/crt0.o
                                        0x2db (size before relaxing)
 .debug_str     0x0000000000000285       0x4e build/obj/vectors.o
                                        0x1bb (size before relaxing)
 .debug_str     0x00000000000002d3      0x2d1 build/obj/chcore_v7m.o
                                        0x48c (size before relaxing)
 .debug_str     0x00000000000005a4       0xa0 build/obj/nvic.o
                                        0x2a6 (size before relaxing)
 .debug_str     0x0000000000000644      0x10a build/obj/chsys.o
                                        0x477 (size before relaxing)
 .debug_str     0x000000000000074e       0x4e build/obj/chvt.o
                                        0x255 (size before relaxing)
 .debug_str     0x000000000000079c       0xa8 build/obj/chschd.o
                                        0x464 (size before relaxing)
 .debug_str     0x0000000000000844       0xd5 build/obj/chthreads.o
                                        0x4fe (size before relaxing)
 .debug_str     0x0000000000000919       0x8c build/obj/chmtx.o
                                        0x41e (size before relaxing)
 .debug_str     0x00000000000009a5      0x17b build/obj/chevents.o
                                        0x4fc (size before relaxing)
 .debug_str     0x0000000000000b20      0x121 build/obj/chqueues.o
                                        0x49d (size before relaxing)
 .debug_str     0x0000000000000c41       0x72 build/obj/chmemcore.o
                                        0x21c (size before relaxing)
 .debug_str     0x0000000000000cb3       0xaf build/obj/chheap.o
                                        0x3fd (size before relaxing)
 .debug_str     0x0000000000000d62       0xab build/obj/hal.o
                                        0x22c (size before relaxing)
 .debug_str     0x0000000000000e0d      0x253 build/obj/serial.o
                                        0x6e8 (size before relaxing)
 .debug_str     0x0000000000001060       0x8f build/obj/hal_lld.o
                                        0x247 (size before relaxing)
 .debug_str     0x00000000000010ef      0x1d8 build/obj/system_SAM3.o
                                        0x3ae (size before relaxing)
 .debug_str     0x00000000000012c7      0x2ee build/obj/pal_lld.o
                                        0x628 (size before relaxing)
 .debug_str     0x00000000000015b5      0x246 build/obj/serial_lld.o
                                        0xc30 (size before relaxing)
 .debug_str     0x00000000000017fb      0x144 build/obj/pio.o
                                        0x5c3 (size before relaxing)
 .debug_str     0x000000000000193f      0x239 build/obj/atmel_twi.o
                                        0x3fa (size before relaxing)
 .debug_str     0x0000000000001b78       0xc0 build/obj/atmel_twid.o
                                        0x436 (size before relaxing)
 .debug_str     0x0000000000001c38      0x115 build/obj/pmc.o
                                        0x423 (size before relaxing)
 .debug_str     0x0000000000001d4d       0x1d build/obj/board.o
                                        0x554 (size before relaxing)
 .debug_str     0x0000000000001d6a      0x49b build/obj/syscalls.o
                                        0x6b2 (size before relaxing)
 .debug_str     0x0000000000002205       0x99 build/obj/chprintf.o
                                        0x2ab (size before relaxing)
 .debug_str     0x000000000000229e      0x277 build/obj/main.o
                                        0xcc3 (size before relaxing)
 .debug_str     0x0000000000002515      0x13d /usr/lib/gcc/arm-none-eabi/4.9.3/../../../arm-none-eabi/lib/armv7-m/libc_nano.a(lib_a-abort.o)
                                        0x1d5 (size before relaxing)
 .debug_str     0x0000000000002652       0x69 /usr/lib/gcc/arm-none-eabi/4.9.3/../../../arm-none-eabi/lib/armv7-m/libc_nano.a(lib_a-assert.o)
                                        0x563 (size before relaxing)
 .debug_str     0x00000000000026bb       0xae /usr/lib/gcc/arm-none-eabi/4.9.3/../../../arm-none-eabi/lib/armv7-m/libc_nano.a(lib_a-fprintf.o)
                                        0x567 (size before relaxing)
 .debug_str     0x0000000000002769       0xf4 /usr/lib/gcc/arm-none-eabi/4.9.3/../../../arm-none-eabi/lib/armv7-m/libc_nano.a(lib_a-impure.o)
                                        0x57a (size before relaxing)
 .debug_str     0x000000000000285d       0x98 /usr/lib/gcc/arm-none-eabi/4.9.3/../../../arm-none-eabi/lib/armv7-m/libc_nano.a(lib_a-memset.o)
                                        0x1d2 (size before relaxing)
 .debug_str     0x00000000000028f5      0x1fe /usr/lib/gcc/arm-none-eabi/4.9.3/../../../arm-none-eabi/lib/armv7-m/libc_nano.a(lib_a-nano-vfprintf.o)
                                        0x710 (size before relaxing)
 .debug_str     0x0000000000002af3       0x8e /usr/lib/gcc/arm-none-eabi/4.9.3/../../../arm-none-eabi/lib/armv7-m/libc_nano.a(lib_a-nano-vfprintf_i.o)
                                        0x64b (size before relaxing)
 .debug_str     0x0000000000002b81      0x108 /usr/lib/gcc/arm-none-eabi/4.9.3/../../../arm-none-eabi/lib/armv7-m/libc_nano.a(lib_a-signal.o)
                                        0x5b1 (size before relaxing)
 .debug_str     0x0000000000002c89       0x2e /usr/lib/gcc/arm-none-eabi/4.9.3/../../../arm-none-eabi/lib/armv7-m/libc_nano.a(lib_a-signalr.o)
                                        0x537 (size before relaxing)
 .debug_str     0x0000000000002cb7       0x3f /usr/lib/gcc/arm-none-eabi/4.9.3/../../../arm-none-eabi/lib/armv7-m/libc_nano.a(lib_a-strstr.o)
                                        0x1e3 (size before relaxing)
 .debug_str     0x0000000000002cf6       0x39 /usr/lib/gcc/arm-none-eabi/4.9.3/../../../arm-none-eabi/lib/armv7-m/libc_nano.a(lib_a-strtok.o)
                                        0x543 (size before relaxing)
 .debug_str     0x0000000000002d2f       0x54 /usr/lib/gcc/arm-none-eabi/4.9.3/../../../arm-none-eabi/lib/armv7-m/libc_nano.a(lib_a-strtok_r.o)
                                        0x204 (size before relaxing)
 .debug_str     0x0000000000002d83       0x3d /usr/lib/gcc/arm-none-eabi/4.9.3/../../../arm-none-eabi/lib/armv7-m/libc_nano.a(lib_a-wbuf.o)
                                        0x59e (size before relaxing)
 .debug_str     0x0000000000002dc0       0x42 /usr/lib/gcc/arm-none-eabi/4.9.3/../../../arm-none-eabi/lib/armv7-m/libc_nano.a(lib_a-wsetup.o)
                                        0x599 (size before relaxing)
 .debug_str     0x0000000000002e02       0x5d /usr/lib/gcc/arm-none-eabi/4.9.3/../../../arm-none-eabi/lib/armv7-m/libc_nano.a(lib_a-fflush.o)
                                        0x5da (size before relaxing)
 .debug_str     0x0000000000002e5f      0x18b /usr/lib/gcc/arm-none-eabi/4.9.3/../../../arm-none-eabi/lib/armv7-m/libc_nano.a(lib_a-findfp.o)
                                        0x726 (size before relaxing)
 .debug_str     0x0000000000002fea       0x3b /usr/lib/gcc/arm-none-eabi/4.9.3/../../../arm-none-eabi/lib/armv7-m/libc_nano.a(lib_a-fwalk.o)
                                        0x540 (size before relaxing)
 .debug_str     0x0000000000003025       0x39 /usr/lib/gcc/arm-none-eabi/4.9.3/../../../arm-none-eabi/lib/armv7-m/libc_nano.a(lib_a-makebuf.o)
                                        0x63d (size before relaxing)
 .debug_str     0x000000000000305e       0x3a /usr/lib/gcc/arm-none-eabi/4.9.3/../../../arm-none-eabi/lib/armv7-m/libc_nano.a(lib_a-malloc.o)
                                        0x54f (size before relaxing)
 .debug_str     0x0000000000003098       0x3e /usr/lib/gcc/arm-none-eabi/4.9.3/../../../arm-none-eabi/lib/armv7-m/libc_nano.a(lib_a-memchr.o)
                                        0x1e2 (size before relaxing)
 .debug_str     0x00000000000030d6       0x90 /usr/lib/gcc/arm-none-eabi/4.9.3/../../../arm-none-eabi/lib/armv7-m/libc_nano.a(lib_a-nano-freer.o)
                                        0x593 (size before relaxing)
 .debug_str     0x0000000000003166       0x48 /usr/lib/gcc/arm-none-eabi/4.9.3/../../../arm-none-eabi/lib/armv7-m/libc_nano.a(lib_a-nano-mallocr.o)
                                        0x5c8 (size before relaxing)
 .debug_str     0x00000000000031ae       0x58 /usr/lib/gcc/arm-none-eabi/4.9.3/../../../arm-none-eabi/lib/armv7-m/libc_nano.a(lib_a-reent.o)
                                        0x55a (size before relaxing)
 .debug_str     0x0000000000003206       0x69 /usr/lib/gcc/arm-none-eabi/4.9.3/../../../arm-none-eabi/lib/armv7-m/libc_nano.a(lib_a-stdio.o)
                                        0x596 (size before relaxing)

.comment        0x0000000000000000       0x70
 .comment       0x0000000000000000       0x38 build/obj/crt0.o
                                         0x39 (size before relaxing)
 .comment       0x0000000000000038       0x39 build/obj/vectors.o
 .comment       0x0000000000000038       0x39 build/obj/chcore_v7m.o
 .comment       0x0000000000000038       0x39 build/obj/nvic.o
 .comment       0x0000000000000038       0x39 build/obj/chsys.o
 .comment       0x0000000000000038       0x39 build/obj/chvt.o
 .comment       0x0000000000000038       0x39 build/obj/chschd.o
 .comment       0x0000000000000038       0x39 build/obj/chthreads.o
 .comment       0x0000000000000038       0x39 build/obj/chmtx.o
 .comment       0x0000000000000038       0x39 build/obj/chevents.o
 .comment       0x0000000000000038       0x39 build/obj/chqueues.o
 .comment       0x0000000000000038       0x39 build/obj/chmemcore.o
 .comment       0x0000000000000038       0x39 build/obj/chheap.o
 .comment       0x0000000000000038       0x39 build/obj/hal.o
 .comment       0x0000000000000038       0x39 build/obj/serial.o
 .comment       0x0000000000000038       0x39 build/obj/hal_lld.o
 .comment       0x0000000000000038       0x39 build/obj/system_SAM3.o
 .comment       0x0000000000000038       0x39 build/obj/pal_lld.o
 .comment       0x0000000000000038       0x39 build/obj/serial_lld.o
 .comment       0x0000000000000038       0x39 build/obj/pio.o
 .comment       0x0000000000000038       0x39 build/obj/atmel_twi.o
 .comment       0x0000000000000038       0x39 build/obj/atmel_twid.o
 .comment       0x0000000000000038       0x39 build/obj/pmc.o
 .comment       0x0000000000000038       0x39 build/obj/board.o
 .comment       0x0000000000000038       0x39 build/obj/syscalls.o
 .comment       0x0000000000000038       0x39 build/obj/chprintf.o
 .comment       0x0000000000000038       0x39 build/obj/main.o
 .comment       0x0000000000000038       0x38 /usr/lib/gcc/arm-none-eabi/4.9.3/../../../arm-none-eabi/lib/armv7-m/libc_nano.a(lib_a-abort.o)
                                         0x39 (size before relaxing)
 .comment       0x0000000000000070       0x39 /usr/lib/gcc/arm-none-eabi/4.9.3/../../../arm-none-eabi/lib/armv7-m/libc_nano.a(lib_a-assert.o)
 .comment       0x0000000000000070       0x39 /usr/lib/gcc/arm-none-eabi/4.9.3/../../../arm-none-eabi/lib/armv7-m/libc_nano.a(lib_a-fprintf.o)
 .comment       0x0000000000000070       0x39 /usr/lib/gcc/arm-none-eabi/4.9.3/../../../arm-none-eabi/lib/armv7-m/libc_nano.a(lib_a-impure.o)
 .comment       0x0000000000000070       0x39 /usr/lib/gcc/arm-none-eabi/4.9.3/../../../arm-none-eabi/lib/armv7-m/libc_nano.a(lib_a-memset.o)
 .comment       0x0000000000000070       0x39 /usr/lib/gcc/arm-none-eabi/4.9.3/../../../arm-none-eabi/lib/armv7-m/libc_nano.a(lib_a-nano-vfprintf.o)
 .comment       0x0000000000000070       0x39 /usr/lib/gcc/arm-none-eabi/4.9.3/../../../arm-none-eabi/lib/armv7-m/libc_nano.a(lib_a-nano-vfprintf_i.o)
 .comment       0x0000000000000070       0x39 /usr/lib/gcc/arm-none-eabi/4.9.3/../../../arm-none-eabi/lib/armv7-m/libc_nano.a(lib_a-signal.o)
 .comment       0x0000000000000070       0x39 /usr/lib/gcc/arm-none-eabi/4.9.3/../../../arm-none-eabi/lib/armv7-m/libc_nano.a(lib_a-signalr.o)
 .comment       0x0000000000000070       0x39 /usr/lib/gcc/arm-none-eabi/4.9.3/../../../arm-none-eabi/lib/armv7-m/libc_nano.a(lib_a-strstr.o)
 .comment       0x0000000000000070       0x39 /usr/lib/gcc/arm-none-eabi/4.9.3/../../../arm-none-eabi/lib/armv7-m/libc_nano.a(lib_a-strtok.o)
 .comment       0x0000000000000070       0x39 /usr/lib/gcc/arm-none-eabi/4.9.3/../../../arm-none-eabi/lib/armv7-m/libc_nano.a(lib_a-strtok_r.o)
 .comment       0x0000000000000070       0x39 /usr/lib/gcc/arm-none-eabi/4.9.3/../../../arm-none-eabi/lib/armv7-m/libc_nano.a(lib_a-wbuf.o)
 .comment       0x0000000000000070       0x39 /usr/lib/gcc/arm-none-eabi/4.9.3/../../../arm-none-eabi/lib/armv7-m/libc_nano.a(lib_a-wsetup.o)
 .comment       0x0000000000000070       0x39 /usr/lib/gcc/arm-none-eabi/4.9.3/../../../arm-none-eabi/lib/armv7-m/libc_nano.a(lib_a-fflush.o)
 .comment       0x0000000000000070       0x39 /usr/lib/gcc/arm-none-eabi/4.9.3/../../../arm-none-eabi/lib/armv7-m/libc_nano.a(lib_a-findfp.o)
 .comment       0x0000000000000070       0x39 /usr/lib/gcc/arm-none-eabi/4.9.3/../../../arm-none-eabi/lib/armv7-m/libc_nano.a(lib_a-fwalk.o)
 .comment       0x0000000000000070       0x39 /usr/lib/gcc/arm-none-eabi/4.9.3/../../../arm-none-eabi/lib/armv7-m/libc_nano.a(lib_a-makebuf.o)